Component: ARM Compiler 5.06 update 7 (build 960) Tool: armlink [4d3601]

==============================================================================

Section Cross References

    stm32f4xx_adc.o(i.ADC_DeInit) refers to stm32f4xx_rcc.o(i.RCC_APB2PeriphResetCmd) for RCC_APB2PeriphResetCmd
    stm32f4xx_can.o(i.CAN_DeInit) refers to stm32f4xx_rcc.o(i.RCC_APB1PeriphResetCmd) for RCC_APB1PeriphResetCmd
    stm32f4xx_can.o(i.CAN_GetITStatus) refers to stm32f4xx_can.o(i.CheckITStatus) for CheckITStatus
    stm32f4xx_cryp.o(i.CRYP_DeInit) refers to stm32f4xx_rcc.o(i.RCC_AHB2PeriphResetCmd) for RCC_AHB2PeriphResetCmd
    stm32f4xx_cryp_aes.o(i.CRYP_AES_CBC) refers to stm32f4xx_cryp.o(i.CRYP_KeyStructInit) for CRYP_KeyStructInit
    stm32f4xx_cryp_aes.o(i.CRYP_AES_CBC) refers to stm32f4xx_cryp.o(i.CRYP_KeyInit) for CRYP_KeyInit
    stm32f4xx_cryp_aes.o(i.CRYP_AES_CBC) refers to stm32f4xx_cryp.o(i.CRYP_Init) for CRYP_Init
    stm32f4xx_cryp_aes.o(i.CRYP_AES_CBC) refers to stm32f4xx_cryp.o(i.CRYP_IVInit) for CRYP_IVInit
    stm32f4xx_cryp_aes.o(i.CRYP_AES_CBC) refers to stm32f4xx_cryp.o(i.CRYP_FIFOFlush) for CRYP_FIFOFlush
    stm32f4xx_cryp_aes.o(i.CRYP_AES_CBC) refers to stm32f4xx_cryp.o(i.CRYP_Cmd) for CRYP_Cmd
    stm32f4xx_cryp_aes.o(i.CRYP_AES_CBC) refers to stm32f4xx_cryp.o(i.CRYP_GetCmdStatus) for CRYP_GetCmdStatus
    stm32f4xx_cryp_aes.o(i.CRYP_AES_CBC) refers to stm32f4xx_cryp.o(i.CRYP_GetFlagStatus) for CRYP_GetFlagStatus
    stm32f4xx_cryp_aes.o(i.CRYP_AES_CBC) refers to stm32f4xx_cryp.o(i.CRYP_DataIn) for CRYP_DataIn
    stm32f4xx_cryp_aes.o(i.CRYP_AES_CBC) refers to stm32f4xx_cryp.o(i.CRYP_DataOut) for CRYP_DataOut
    stm32f4xx_cryp_aes.o(i.CRYP_AES_CCM) refers to stm32f4xx_cryp.o(i.CRYP_KeyStructInit) for CRYP_KeyStructInit
    stm32f4xx_cryp_aes.o(i.CRYP_AES_CCM) refers to stm32f4xx_cryp.o(i.CRYP_FIFOFlush) for CRYP_FIFOFlush
    stm32f4xx_cryp_aes.o(i.CRYP_AES_CCM) refers to stm32f4xx_cryp.o(i.CRYP_KeyInit) for CRYP_KeyInit
    stm32f4xx_cryp_aes.o(i.CRYP_AES_CCM) refers to stm32f4xx_cryp.o(i.CRYP_IVInit) for CRYP_IVInit
    stm32f4xx_cryp_aes.o(i.CRYP_AES_CCM) refers to stm32f4xx_cryp.o(i.CRYP_Init) for CRYP_Init
    stm32f4xx_cryp_aes.o(i.CRYP_AES_CCM) refers to stm32f4xx_cryp.o(i.CRYP_PhaseConfig) for CRYP_PhaseConfig
    stm32f4xx_cryp_aes.o(i.CRYP_AES_CCM) refers to stm32f4xx_cryp.o(i.CRYP_DataIn) for CRYP_DataIn
    stm32f4xx_cryp_aes.o(i.CRYP_AES_CCM) refers to stm32f4xx_cryp.o(i.CRYP_Cmd) for CRYP_Cmd
    stm32f4xx_cryp_aes.o(i.CRYP_AES_CCM) refers to stm32f4xx_cryp.o(i.CRYP_GetCmdStatus) for CRYP_GetCmdStatus
    stm32f4xx_cryp_aes.o(i.CRYP_AES_CCM) refers to stm32f4xx_cryp.o(i.CRYP_GetFlagStatus) for CRYP_GetFlagStatus
    stm32f4xx_cryp_aes.o(i.CRYP_AES_CCM) refers to stm32f4xx_cryp.o(i.CRYP_DataOut) for CRYP_DataOut
    stm32f4xx_cryp_aes.o(i.CRYP_AES_CTR) refers to stm32f4xx_cryp.o(i.CRYP_KeyStructInit) for CRYP_KeyStructInit
    stm32f4xx_cryp_aes.o(i.CRYP_AES_CTR) refers to stm32f4xx_cryp.o(i.CRYP_KeyInit) for CRYP_KeyInit
    stm32f4xx_cryp_aes.o(i.CRYP_AES_CTR) refers to stm32f4xx_cryp.o(i.CRYP_Init) for CRYP_Init
    stm32f4xx_cryp_aes.o(i.CRYP_AES_CTR) refers to stm32f4xx_cryp.o(i.CRYP_IVInit) for CRYP_IVInit
    stm32f4xx_cryp_aes.o(i.CRYP_AES_CTR) refers to stm32f4xx_cryp.o(i.CRYP_FIFOFlush) for CRYP_FIFOFlush
    stm32f4xx_cryp_aes.o(i.CRYP_AES_CTR) refers to stm32f4xx_cryp.o(i.CRYP_Cmd) for CRYP_Cmd
    stm32f4xx_cryp_aes.o(i.CRYP_AES_CTR) refers to stm32f4xx_cryp.o(i.CRYP_GetCmdStatus) for CRYP_GetCmdStatus
    stm32f4xx_cryp_aes.o(i.CRYP_AES_CTR) refers to stm32f4xx_cryp.o(i.CRYP_DataIn) for CRYP_DataIn
    stm32f4xx_cryp_aes.o(i.CRYP_AES_CTR) refers to stm32f4xx_cryp.o(i.CRYP_GetFlagStatus) for CRYP_GetFlagStatus
    stm32f4xx_cryp_aes.o(i.CRYP_AES_CTR) refers to stm32f4xx_cryp.o(i.CRYP_DataOut) for CRYP_DataOut
    stm32f4xx_cryp_aes.o(i.CRYP_AES_ECB) refers to stm32f4xx_cryp.o(i.CRYP_KeyStructInit) for CRYP_KeyStructInit
    stm32f4xx_cryp_aes.o(i.CRYP_AES_ECB) refers to stm32f4xx_cryp.o(i.CRYP_KeyInit) for CRYP_KeyInit
    stm32f4xx_cryp_aes.o(i.CRYP_AES_ECB) refers to stm32f4xx_cryp.o(i.CRYP_Init) for CRYP_Init
    stm32f4xx_cryp_aes.o(i.CRYP_AES_ECB) refers to stm32f4xx_cryp.o(i.CRYP_FIFOFlush) for CRYP_FIFOFlush
    stm32f4xx_cryp_aes.o(i.CRYP_AES_ECB) refers to stm32f4xx_cryp.o(i.CRYP_Cmd) for CRYP_Cmd
    stm32f4xx_cryp_aes.o(i.CRYP_AES_ECB) refers to stm32f4xx_cryp.o(i.CRYP_GetCmdStatus) for CRYP_GetCmdStatus
    stm32f4xx_cryp_aes.o(i.CRYP_AES_ECB) refers to stm32f4xx_cryp.o(i.CRYP_GetFlagStatus) for CRYP_GetFlagStatus
    stm32f4xx_cryp_aes.o(i.CRYP_AES_ECB) refers to stm32f4xx_cryp.o(i.CRYP_DataIn) for CRYP_DataIn
    stm32f4xx_cryp_aes.o(i.CRYP_AES_ECB) refers to stm32f4xx_cryp.o(i.CRYP_DataOut) for CRYP_DataOut
    stm32f4xx_cryp_aes.o(i.CRYP_AES_GCM) refers to stm32f4xx_cryp.o(i.CRYP_KeyStructInit) for CRYP_KeyStructInit
    stm32f4xx_cryp_aes.o(i.CRYP_AES_GCM) refers to stm32f4xx_cryp.o(i.CRYP_FIFOFlush) for CRYP_FIFOFlush
[...]
    OTG_FS_WKUP_IRQHandler                   0x0800032f   Thumb Code     0  startup_stm32f40_41xxx.o(.text)
    OTG_HS_EP1_IN_IRQHandler                 0x0800032f   Thumb Code     0  startup_stm32f40_41xxx.o(.text)
    OTG_HS_EP1_OUT_IRQHandler                0x0800032f   Thumb Code     0  startup_stm32f40_41xxx.o(.text)
    OTG_HS_IRQHandler                        0x0800032f   Thumb Code     0  startup_stm32f40_41xxx.o(.text)
    OTG_HS_WKUP_IRQHandler                   0x0800032f   Thumb Code     0  startup_stm32f40_41xxx.o(.text)
    PVD_IRQHandler                           0x0800032f   Thumb Code     0  startup_stm32f40_41xxx.o(.text)
    RCC_IRQHandler                           0x0800032f   Thumb Code     0  startup_stm32f40_41xxx.o(.text)
    RTC_Alarm_IRQHandler                     0x0800032f   Thumb Code     0  startup_stm32f40_41xxx.o(.text)
    RTC_WKUP_IRQHandler                      0x0800032f   Thumb Code     0  startup_stm32f40_41xxx.o(.text)
    SDIO_IRQHandler                          0x0800032f   Thumb Code     0  startup_stm32f40_41xxx.o(.text)
    SPI1_IRQHandler                          0x0800032f   Thumb Code     0  startup_stm32f40_41xxx.o(.text)
    SPI2_IRQHandler                          0x0800032f   Thumb Code     0  startup_stm32f40_41xxx.o(.text)
    SPI3_IRQHandler                          0x0800032f   Thumb Code     0  startup_stm32f40_41xxx.o(.text)
    TAMP_STAMP_IRQHandler                    0x0800032f   Thumb Code     0  startup_stm32f40_41xxx.o(.text)
    TIM1_BRK_TIM9_IRQHandler                 0x0800032f   Thumb Code     0  startup_stm32f40_41xxx.o(.text)
    TIM1_CC_IRQHandler                       0x0800032f   Thumb Code     0  startup_stm32f40_41xxx.o(.text)
    TIM1_TRG_COM_TIM11_IRQHandler            0x0800032f   Thumb Code     0  startup_stm32f40_41xxx.o(.text)
    TIM1_UP_TIM10_IRQHandler                 0x0800032f   Thumb Code     0  startup_stm32f40_41xxx.o(.text)
    TIM2_IRQHandler                          0x0800032f   Thumb Code     0  startup_stm32f40_41xxx.o(.text)
    TIM3_IRQHandler                          0x0800032f   Thumb Code     0  startup_stm32f40_41xxx.o(.text)
    TIM4_IRQHandler                          0x0800032f   Thumb Code     0  startup_stm32f40_41xxx.o(.text)
    TIM5_IRQHandler                          0x0800032f   Thumb Code     0  startup_stm32f40_41xxx.o(.text)
    TIM6_DAC_IRQHandler                      0x0800032f   Thumb Code     0  startup_stm32f40_41xxx.o(.text)
    TIM7_IRQHandler                          0x0800032f   Thumb Code     0  startup_stm32f40_41xxx.o(.text)
    TIM8_BRK_TIM12_IRQHandler                0x0800032f   Thumb Code     0  startup_stm32f40_41xxx.o(.text)
    TIM8_CC_IRQHandler                       0x0800032f   Thumb Code     0  startup_stm32f40_41xxx.o(.text)
    TIM8_TRG_COM_TIM14_IRQHandler            0x0800032f   Thumb Code     0  startup_stm32f40_41xxx.o(.text)
    TIM8_UP_TIM13_IRQHandler                 0x0800032f   Thumb Code     0  startup_stm32f40_41xxx.o(.text)
    UART4_IRQHandler                         0x0800032f   Thumb Code     0  startup_stm32f40_41xxx.o(.text)
    UART5_IRQHandler                         0x0800032f   Thumb Code     0  startup_stm32f40_41xxx.o(.text)
    USART1_IRQHandler                        0x0800032f   Thumb Code     0  startup_stm32f40_41xxx.o(.text)
    USART2_IRQHandler                        0x0800032f   Thumb Code     0  startup_stm32f40_41xxx.o(.text)
    WWDG_IRQHandler                          0x0800032f   Thumb Code     0  startup_stm32f40_41xxx.o(.text)
    __user_initial_stackheap                 0x08000331   Thumb Code     0  startup_stm32f40_41xxx.o(.text)
    vsnprintf                                0x08000355   Thumb Code    48  vsnprintf.o(.text)
    __2printf                                0x08000389   Thumb Code    20  __2printf.o(.text)
    __printf                                 0x080003a1   Thumb Code   388  __printf_flags_ss_wp.o(.text)
    strlen                                   0x08000529   Thumb Code    62  strlen.o(.text)
    __aeabi_memcpy4                          0x08000567   Thumb Code     0  rt_memcpy_w.o(.text)
    __aeabi_memcpy8                          0x08000567   Thumb Code     0  rt_memcpy_w.o(.text)
    __rt_memcpy_w                            0x08000567   Thumb Code   100  rt_memcpy_w.o(.text)
    _memcpy_lastbytes_aligned                0x080005af   Thumb Code     0  rt_memcpy_w.o(.text)
    __aeabi_memclr4                          0x080005cb   Thumb Code     0  rt_memclr_w.o(.text)
    __aeabi_memclr8                          0x080005cb   Thumb Code     0  rt_memclr_w.o(.text)
    __rt_memclr_w                            0x080005cb   Thumb Code    78  rt_memclr_w.o(.text)
    _memset_w                                0x080005cf   Thumb Code     0  rt_memclr_w.o(.text)
    __use_two_region_memory                  0x08000619   Thumb Code     2  heapauxi.o(.text)
    __rt_heap_escrow$2region                 0x0800061b   Thumb Code     2  heapauxi.o(.text)
    __rt_heap_expand$2region                 0x0800061d   Thumb Code     2  heapauxi.o(.text)
    __aeabi_errno_addr                       0x08000621   Thumb Code     8  rt_errno_addr_intlibspace.o(.text)
    __errno$intlibspace                      0x08000621   Thumb Code     0  rt_errno_addr_intlibspace.o(.text)
    __rt_errno_addr$intlibspace              0x08000621   Thumb Code     0  rt_errno_addr_intlibspace.o(.text)
    __read_errno                             0x08000629   Thumb Code    10  _rserrno.o(.text)
    __set_errno                              0x08000633   Thumb Code    12  _rserrno.o(.text)
    _printf_pre_padding                      0x0800063f   Thumb Code    44  _printf_pad.o(.text)
    _printf_post_padding                     0x0800066b   Thumb Code    34  _printf_pad.o(.text)
    _printf_truncate_signed                  0x0800068d   Thumb Code    18  _printf_truncate.o(.text)
    _printf_truncate_unsigned                0x0800069f   Thumb Code    18  _printf_truncate.o(.text)
    _printf_str                              0x080006b1   Thumb Code    82  _printf_str.o(.text)
    _printf_int_dec                          0x08000705   Thumb Code   104  _printf_dec.o(.text)
    _printf_charcount                        0x0800077d   Thumb Code    40  _printf_charcount.o(.text)
    __lib_sel_fp_printf                      0x080007a5   Thumb Code     2  _printf_fp_dec.o(.text)
    _printf_fp_dec_real                      0x08000957   Thumb Code   620  _printf_fp_dec.o(.text)
    _printf_char_common                      0x08000bcf   Thumb Code    32  _printf_char_common.o(.text)
    _sputc                                   0x08000bf5   Thumb Code    10  _sputc.o(.text)
    _snputc                                  0x08000bff   Thumb Code    16  _snputc.o(.text)
    _printf_char_file                        0x08000c11   Thumb Code    32  _printf_char_file.o(.text)
    _printf_wctomb                           0x08000c35   Thumb Code   182  _printf_wctomb.o(.text)
    _printf_longlong_dec                     0x08000cf1   Thumb Code   108  _printf_longlong_dec.o(.text)
    _printf_longlong_oct                     0x08000d6d   Thumb Code    66  _printf_oct_int_ll.o(.text)
    _printf_int_oct                          0x08000daf   Thumb Code    24  _printf_oct_int_ll.o(.text)
    _printf_ll_oct                           0x08000dc7   Thumb Code    12  _printf_oct_int_ll.o(.text)
    _printf_longlong_hex                     0x08000ddd   Thumb Code    86  _printf_hex_int_ll_ptr.o(.text)
    _printf_int_hex                          0x08000e33   Thumb Code    28  _printf_hex_int_ll_ptr.o(.text)
    _printf_ll_hex                           0x08000e4f   Thumb Code    12  _printf_hex_int_ll_ptr.o(.text)
    _printf_hex_ptr                          0x08000e5b   Thumb Code    18  _printf_hex_int_ll_ptr.o(.text)
    __user_libspace                          0x08000e71   Thumb Code     8  libspace.o(.text)
    __user_perproc_libspace                  0x08000e71   Thumb Code     0  libspace.o(.text)
    __user_perthread_libspace                0x08000e71   Thumb Code     0  libspace.o(.text)
    __rt_ctype_table                         0x08000e79   Thumb Code    16  rt_ctype_table.o(.text)
    __rt_locale                              0x08000e89   Thumb Code     8  rt_locale_intlibspace.o(.text)
    _ll_udiv10                               0x08000e91   Thumb Code   138  lludiv10.o(.text)
    _printf_int_common                       0x08000f1b   Thumb Code   178  _printf_intcommon.o(.text)
    _printf_fp_hex_real                      0x08000fcd   Thumb Code   756  _printf_fp_hex.o(.text)
    _printf_fp_infnan                        0x080012c9   Thumb Code   112  _printf_fp_infnan.o(.text)
    _printf_cs_common                        0x08001349   Thumb Code    20  _printf_char.o(.text)
    _printf_char                             0x0800135d   Thumb Code    16  _printf_char.o(.text)
    _printf_string                           0x0800136d   Thumb Code     8  _printf_char.o(.text)
    _printf_lcs_common                       0x08001375   Thumb Code    20  _printf_wchar.o(.text)
    _printf_wchar                            0x08001389   Thumb Code    16  _printf_wchar.o(.text)
    _printf_wstring                          0x08001399   Thumb Code     8  _printf_wchar.o(.text)
    _btod_etento                             0x080013a1   Thumb Code   224  bigflt0.o(.text)
    ferror                                   0x08001485   Thumb Code     8  ferror.o(.text)
    _wcrtomb                                 0x0800148d   Thumb Code    64  _wcrtomb.o(.text)
    __user_setup_stackheap                   0x080014cd   Thumb Code    74  sys_stackheap_outer.o(.text)
    exit                                     0x08001517   Thumb Code    18  exit.o(.text)
    strcmp                                   0x08001529   Thumb Code   128  strcmpv7m.o(.text)
    _btod_d2e                                0x080015a9   Thumb Code    62  btod.o(CL$$btod_d2e)
    _d2e_denorm_low                          0x080015e7   Thumb Code    70  btod.o(CL$$btod_d2e_denorm_low)
    _d2e_norm_op1                            0x0800162d   Thumb Code    96  btod.o(CL$$btod_d2e_norm_op1)
    __btod_div_common                        0x0800168d   Thumb Code   696  btod.o(CL$$btod_div_common)
    _e2e                                     0x080019c5   Thumb Code   220  btod.o(CL$$btod_e2e)
    _btod_ediv                               0x08001aa1   Thumb Code    42  btod.o(CL$$btod_ediv)
    _btod_emul                               0x08001acb   Thumb Code    42  btod.o(CL$$btod_emul)
    __btod_mult_common                       0x08001af5   Thumb Code   580  btod.o(CL$$btod_mult_common)
    ADC_ClearITPendingBit                    0x08001d39   Thumb Code     8  stm32f4xx_adc.o(i.ADC_ClearITPendingBit)
    ADC_GetConversionValue                   0x08001d41   Thumb Code     6  stm32f4xx_adc.o(i.ADC_GetConversionValue)
    ADC_GetITStatus                          0x08001d47   Thumb Code    30  stm32f4xx_adc.o(i.ADC_GetITStatus)
    ADC_IRQHandler                           0x08001d65   Thumb Code    44  obstacle.o(i.ADC_IRQHandler)
    AdjustPosture                            0x08001d99   Thumb Code   666  gaitcontroller.o(i.AdjustPosture)
    AsrPro_Init                              0x0800206d   Thumb Code   172  asrproserial.o(i.AsrPro_Init)
    Board_Init                               0x08002121   Thumb Code   146  aboard.o(i.Board_Init)
    BusFault_Handler                         0x080021b9   Thumb Code     2  stm32f4xx_it.o(i.BusFault_Handler)
    BuzzerDebug                              0x080021bd   Thumb Code    30  buzzer.o(i.BuzzerDebug)
    Buzzer_Init                              0x080021e1   Thumb Code    46  buzzer.o(i.Buzzer_Init)
    CalculateAndCacheAngles                  0x08002215   Thumb Code    78  gaitcontroller.o(i.CalculateAndCacheAngles)
    Cloud_Init                               0x08002269   Thumb Code   186  cloud.o(i.Cloud_Init)
    DebugMon_Handler                         0x08002331   Thumb Code     2  stm32f4xx_it.o(i.DebugMon_Handler)
    DefaultMotionParams                      0x08002333   Thumb Code    28  gaitcontroller.o(i.DefaultMotionParams)
    Delay_Init                               0x08002351   Thumb Code    70  delay.o(i.Delay_Init)
    Delay_Ms                                 0x080023a1   Thumb Code    58  delay.o(i.Delay_Ms)
    Demo_AdjustPosture                       0x080023e1   Thumb Code   366  gaitcontroller.o(i.Demo_AdjustPosture)
    Demo_DefaultAdvance                      0x080025b1   Thumb Code    20  gaitcontroller.o(i.Demo_DefaultAdvance)
    Demo_DefaultBack                         0x080025c5   Thumb Code    20  gaitcontroller.o(i.Demo_DefaultBack)
    Demo_DefaultSidestep_L                   0x080025d9   Thumb Code    20  gaitcontroller.o(i.Demo_DefaultSidestep_L)
    Demo_DefaultSidestep_R                   0x080025ed   Thumb Code    20  gaitcontroller.o(i.Demo_DefaultSidestep_R)
    Demo_DefaultTurn_Left                    0x08002601   Thumb Code    20  gaitcontroller.o(i.Demo_DefaultTurn_Left)
    Demo_DefaultTurn_Right                   0x08002615   Thumb Code    20  gaitcontroller.o(i.Demo_DefaultTurn_Right)
    EXTI3_IRQHandler                         0x08002629   Thumb Code    76  aboard.o(i.EXTI3_IRQHandler)
    EXTI4_IRQHandler                         0x08002689   Thumb Code    40  aboard.o(i.EXTI4_IRQHandler)
    EXTI_ClearITPendingBit                   0x080026b9   Thumb Code     6  stm32f4xx_exti.o(i.EXTI_ClearITPendingBit)
    EXTI_GetITStatus                         0x080026c5   Thumb Code    16  stm32f4xx_exti.o(i.EXTI_GetITStatus)
    EXTI_Init                                0x080026d9   Thumb Code   110  stm32f4xx_exti.o(i.EXTI_Init)
    ExecuteGaitPhase                         0x0800274d   Thumb Code   924  gaitcontroller.o(i.ExecuteGaitPhase)
    ForwardKinematics                        0x08002b29   Thumb Code   366  mathematical.o(i.ForwardKinematics)
    GPIO_Init                                0x08002cc5   Thumb Code   124  stm32f4xx_gpio.o(i.GPIO_Init)
    GPIO_PinAFConfig                         0x08002d41   Thumb Code    32  stm32f4xx_gpio.o(i.GPIO_PinAFConfig)
    GPIO_ReadInputDataBit                    0x08002d61   Thumb Code    14  stm32f4xx_gpio.o(i.GPIO_ReadInputDataBit)
    GPIO_ResetBits                           0x08002d6f   Thumb Code     6  stm32f4xx_gpio.o(i.GPIO_ResetBits)
    GPIO_SetBits                             0x08002d75   Thumb Code     4  stm32f4xx_gpio.o(i.GPIO_SetBits)
    GPIO_StructInit                          0x08002d79   Thumb Code    18  stm32f4xx_gpio.o(i.GPIO_StructInit)
    GPIO_WriteBit                            0x08002d8b   Thumb Code    14  stm32f4xx_gpio.o(i.GPIO_WriteBit)
    Gait_Init                                0x08002d99   Thumb Code   202  gaitcontroller.o(i.Gait_Init)
    Geo_center_Position03_Init               0x08002e75   Thumb Code  1384  mathematical.o(i.Geo_center_Position03_Init)
    Geo_center_coordinate_Sys_Init           0x080033dd   Thumb Code    18  mathematical.o(i.Geo_center_coordinate_Sys_Init)
    GetBasePosition                          0x080033f5   Thumb Code    54  gaitcontroller.o(i.GetBasePosition)
    Get_ID                                   0x08003431   Thumb Code     2  serial.o(i.Get_ID)
    HardFault_Handler                        0x08003433   Thumb Code     2  stm32f4xx_it.o(i.HardFault_Handler)
    InverseKinematics                        0x08003435   Thumb Code   678  mathematical.o(i.InverseKinematics)
    Leg_ACE_Move                             0x08003711   Thumb Code   100  ctrl_leg.o(i.Leg_ACE_Move)
    Leg_BDF_Move                             0x08003775   Thumb Code   100  ctrl_leg.o(i.Leg_BDF_Move)
    MemManage_Handler                        0x080037d9   Thumb Code     2  stm32f4xx_it.o(i.MemManage_Handler)
    MoveLegsGroup                            0x080037db   Thumb Code    60  gaitcontroller.o(i.MoveLegsGroup)
    MoveServo                                0x08003819   Thumb Code    58  robotservocontroller.o(i.MoveServo)
    Move_Advance                             0x08003859   Thumb Code    26  action.o(i.Move_Advance)
    Move_Left_Turn                           0x08003879   Thumb Code    26  action.o(i.Move_Left_Turn)
    Move_Logic                               0x08003899   Thumb Code   192  action.o(i.Move_Logic)
    Move_Restoration                         0x0800395d   Thumb Code    32  action.o(i.Move_Restoration)
    Move_Retreat                             0x08003981   Thumb Code    26  action.o(i.Move_Retreat)
    Move_Right_Turn                          0x080039a1   Thumb Code    26  action.o(i.Move_Right_Turn)
    Move_Rotation                            0x080039c1   Thumb Code   110  action.o(i.Move_Rotation)
    Move_Side_Left                           0x08003a35   Thumb Code   170  action.o(i.Move_Side_Left)
    Move_Side_Right                          0x08003ae9   Thumb Code   170  action.o(i.Move_Side_Right)
    Move_Stop                                0x08003b9d   Thumb Code    16  action.o(i.Move_Stop)
    NMI_Handler                              0x08003bad   Thumb Code     2  stm32f4xx_it.o(i.NMI_Handler)
    NVIC_Init                                0x08003bb1   Thumb Code    98  misc.o(i.NVIC_Init)
    NVIC_PriorityGroupConfig                 0x08003c19   Thumb Code    10  misc.o(i.NVIC_PriorityGroupConfig)
    OLED_Clear                               0x08003c2d   Thumb Code    38  oled.o(i.OLED_Clear)
    OLED_I2C_Init                            0x08003c55   Thumb Code    70  oled.o(i.OLED_I2C_Init)
    OLED_I2C_SendByte                        0x08003ca1   Thumb Code    86  oled.o(i.OLED_I2C_SendByte)
    OLED_I2C_Start                           0x08003cfd   Thumb Code    52  oled.o(i.OLED_I2C_Start)
    OLED_I2C_Stop                            0x08003d35   Thumb Code    42  oled.o(i.OLED_I2C_Stop)
    OLED_Init                                0x08003d65   Thumb Code   172  oled.o(i.OLED_Init)
    OLED_SetCursor                           0x08003e11   Thumb Code    34  oled.o(i.OLED_SetCursor)
    OLED_ShowChar                            0x08003e35   Thumb Code    82  oled.o(i.OLED_ShowChar)
    OLED_ShowString                          0x08003e8d   Thumb Code    38  oled.o(i.OLED_ShowString)
    OLED_WriteCommand                        0x08003eb3   Thumb Code    34  oled.o(i.OLED_WriteCommand)
    OLED_WriteData                           0x08003ed5   Thumb Code    34  oled.o(i.OLED_WriteData)
    PendSV_Handler                           0x08003ef7   Thumb Code     2  stm32f4xx_it.o(i.PendSV_Handler)
    Pi0_coordinate_Sys_Init                  0x08003ef9   Thumb Code    18  mathematical.o(i.Pi0_coordinate_Sys_Init)
    Printf_Init                              0x08003f11   Thumb Code   226  printfserial.o(i.Printf_Init)
    RCC_AHB1PeriphClockCmd                   0x08003ffd   Thumb Code    22  stm32f4xx_rcc.o(i.RCC_AHB1PeriphClockCmd)
    RCC_APB1PeriphClockCmd                   0x08004019   Thumb Code    22  stm32f4xx_rcc.o(i.RCC_APB1PeriphClockCmd)
    RCC_APB1PeriphResetCmd                   0x08004035   Thumb Code    22  stm32f4xx_rcc.o(i.RCC_APB1PeriphResetCmd)
    RCC_APB2PeriphClockCmd                   0x08004051   Thumb Code    22  stm32f4xx_rcc.o(i.RCC_APB2PeriphClockCmd)
    RCC_APB2PeriphResetCmd                   0x0800406d   Thumb Code    22  stm32f4xx_rcc.o(i.RCC_APB2PeriphResetCmd)
    RCC_GetClocksFreq                        0x08004089   Thumb Code   148  stm32f4xx_rcc.o(i.RCC_GetClocksFreq)
    Radian_Limit                             0x08004129   Thumb Code    30  mathematical.o(i.Radian_Limit)
    Robot_Action                             0x08004149   Thumb Code    30  action.o(i.Robot_Action)
    Robot_SendArray                          0x08004171   Thumb Code    26  serial.o(i.Robot_SendArray)
    Robot_Send_Byte                          0x0800418d   Thumb Code    26  serial.o(i.Robot_Send_Byte)
    Robot_Serial_Init                        0x080041ad   Thumb Code   232  serial.o(i.Robot_Serial_Init)
    SVC_Handler                              0x0800429d   Thumb Code     2  stm32f4xx_it.o(i.SVC_Handler)
    SYSCFG_EXTILineConfig                    0x080042a1   Thumb Code    38  stm32f4xx_syscfg.o(i.SYSCFG_EXTILineConfig)
    Servo_Control_Num                        0x080042cd   Thumb Code     2  serial.o(i.Servo_Control_Num)
    Servo_DataLength                         0x080042cf   Thumb Code    10  serial.o(i.Servo_DataLength)
    Servo_SetAngle                           0x080042d9   Thumb Code    44  serial.o(i.Servo_SetAngle)
    Servo_SetTime                            0x08004315   Thumb Code     2  serial.o(i.Servo_SetTime)
    Set_Posture_High                         0x080043d1   Thumb Code   110  action.o(i.Set_Posture_High)
    Set_Posture_Low                          0x08004449   Thumb Code    42  action.o(i.Set_Posture_Low)
    Set_Posture_Midium                       0x0800447d   Thumb Code   110  action.o(i.Set_Posture_Midium)
    Set_Speed_High                           0x080044f5   Thumb Code     8  action.o(i.Set_Speed_High)
    Set_Speed_Low                            0x08004501   Thumb Code    10  action.o(i.Set_Speed_Low)
    Set_Speed_Midium                         0x08004511   Thumb Code     8  action.o(i.Set_Speed_Midium)
    Single_Leg                               0x0800451d   Thumb Code   262  ctrl_leg.o(i.Single_Leg)
    SysTick_Handler                          0x0800462d   Thumb Code     2  stm32f4xx_it.o(i.SysTick_Handler)
    SystemInit                               0x08004631   Thumb Code    74  system_stm32f4xx.o(i.SystemInit)
    TIM_Cmd                                  0x0800468d   Thumb Code    24  stm32f4xx_tim.o(i.TIM_Cmd)
    TIM_OC1Init                              0x080046a5   Thumb Code    96  stm32f4xx_tim.o(i.TIM_OC1Init)
    TIM_OC1PreloadConfig                     0x0800470d   Thumb Code    12  stm32f4xx_tim.o(i.TIM_OC1PreloadConfig)
    TIM_OC2Init                              0x08004719   Thumb Code   128  stm32f4xx_tim.o(i.TIM_OC2Init)
    TIM_OC2PreloadConfig                     0x080047a1   Thumb Code    20  stm32f4xx_tim.o(i.TIM_OC2PreloadConfig)
    TIM_TimeBaseInit                         0x080047b5   Thumb Code    96  stm32f4xx_tim.o(i.TIM_TimeBaseInit)
    TestMode                                 0x08004831   Thumb Code    44  main.o(i.TestMode)
    USART2_Send_Array                        0x08004871   Thumb Code    30  printfserial.o(i.USART2_Send_Array)
    USART2_Send_Byte                         0x08004891   Thumb Code    26  printfserial.o(i.USART2_Send_Byte)
    USART3_IRQHandler                        0x080048b1   Thumb Code    96  blueserial.o(i.USART3_IRQHandler)
    USART6_IRQHandler                        0x0800491d   Thumb Code    60  asrproserial.o(i.USART6_IRQHandler)
    USART_ClearFlag                          0x08004975   Thumb Code     8  stm32f4xx_usart.o(i.USART_ClearFlag)
    USART_ClearITPendingBit                  0x0800497d   Thumb Code    16  stm32f4xx_usart.o(i.USART_ClearITPendingBit)
    USART_Cmd                                0x0800498d   Thumb Code    24  stm32f4xx_usart.o(i.USART_Cmd)
    USART_DeInit                             0x080049a5   Thumb Code   224  stm32f4xx_usart.o(i.USART_DeInit)
    USART_GetFlagStatus                      0x08004aa5   Thumb Code    14  stm32f4xx_usart.o(i.USART_GetFlagStatus)
    USART_GetITStatus                        0x08004ab3   Thumb Code    64  stm32f4xx_usart.o(i.USART_GetITStatus)
    USART_ITConfig                           0x08004af3   Thumb Code    54  stm32f4xx_usart.o(i.USART_ITConfig)
    USART_Init                               0x08004b29   Thumb Code   180  stm32f4xx_usart.o(i.USART_Init)
    USART_ReceiveData                        0x08004be5   Thumb Code     8  stm32f4xx_usart.o(i.USART_ReceiveData)
    USART_SendData                           0x08004bed   Thumb Code     8  stm32f4xx_usart.o(i.USART_SendData)
    USART_StructInit                         0x08004bf5   Thumb Code    22  stm32f4xx_usart.o(i.USART_StructInit)
    UsageFault_Handler                       0x08004c0b   Thumb Code     2  stm32f4xx_it.o(i.UsageFault_Handler)
    X_Advance_Gait                           0x08004c0d   Thumb Code   108  gaitcontroller.o(i.X_Advance_Gait)
    X_Backward_Gait                          0x08004c7d   Thumb Code   108  gaitcontroller.o(i.X_Backward_Gait)
    X_Sidestep_L_Gait                        0x08004ced   Thumb Code   108  gaitcontroller.o(i.X_Sidestep_L_Gait)
    X_Sidestep_R_Gait                        0x08004d5d   Thumb Code   108  gaitcontroller.o(i.X_Sidestep_R_Gait)
    X_Turn_Left_Gait                         0x08004dcd   Thumb Code   108  gaitcontroller.o(i.X_Turn_Left_Gait)
    X_Turn_Right_Gait                        0x08004e3d   Thumb Code   108  gaitcontroller.o(i.X_Turn_Right_Gait)
    _Move_Robot                              0x08004ead   Thumb Code    54  action.o(i._Move_Robot)
    __ARM_fpclassify                         0x08004ee3   Thumb Code    48  fpclassify.o(i.__ARM_fpclassify)
    __ARM_fpclassifyf                        0x08004f13   Thumb Code    38  fpclassifyf.o(i.__ARM_fpclassifyf)
    __hardfp_acos                            0x08004f39   Thumb Code   738  acos.o(i.__hardfp_acos)
    __hardfp_atan                            0x08005291   Thumb Code   622  atan.o(i.__hardfp_atan)
    __hardfp_atan2                           0x08005569   Thumb Code   448  atan2.o(i.__hardfp_atan2)
    __hardfp_cos                             0x08005769   Thumb Code   180  cos.o(i.__hardfp_cos)
    __hardfp_cosf                            0x08005831   Thumb Code   280  cosf.o(i.__hardfp_cosf)
    __hardfp_pow                             0x08005981   Thumb Code  3072  pow.o(i.__hardfp_pow)
    __hardfp_sin                             0x080065d1   Thumb Code   180  sin.o(i.__hardfp_sin)
    __hardfp_sinf                            0x08006699   Thumb Code   344  sinf.o(i.__hardfp_sinf)
    __hardfp_sqrt                            0x08006829   Thumb Code   122  sqrt.o(i.__hardfp_sqrt)
    __ieee754_rem_pio2                       0x080068a9   Thumb Code   938  rred.o(i.__ieee754_rem_pio2)
    __kernel_cos                             0x08006ce1   Thumb Code   322  cos_i.o(i.__kernel_cos)
    __kernel_poly                            0x08006e51   Thumb Code   248  poly.o(i.__kernel_poly)
    __kernel_sin                             0x08006f49   Thumb Code   280  sin_i.o(i.__kernel_sin)
    __mathlib_dbl_divzero                    0x08007079   Thumb Code    28  dunder.o(i.__mathlib_dbl_divzero)
    __mathlib_dbl_infnan                     0x080070a9   Thumb Code    20  dunder.o(i.__mathlib_dbl_infnan)
    __mathlib_dbl_infnan2                    0x080070bd   Thumb Code    20  dunder.o(i.__mathlib_dbl_infnan2)
    __mathlib_dbl_invalid                    0x080070d1   Thumb Code    24  dunder.o(i.__mathlib_dbl_invalid)
    __mathlib_dbl_overflow                   0x080070f1   Thumb Code    24  dunder.o(i.__mathlib_dbl_overflow)
    __mathlib_dbl_underflow                  0x08007111   Thumb Code    24  dunder.o(i.__mathlib_dbl_underflow)
    __mathlib_flt_infnan                     0x08007131   Thumb Code     6  funder.o(i.__mathlib_flt_infnan)
    __mathlib_flt_invalid                    0x08007139   Thumb Code    10  funder.o(i.__mathlib_flt_invalid)
    __mathlib_flt_underflow                  0x08007149   Thumb Code    10  funder.o(i.__mathlib_flt_underflow)
    __mathlib_rredf2                         0x08007159   Thumb Code   316  rredf.o(i.__mathlib_rredf2)
    _is_digit                                0x080072ad   Thumb Code    14  __printf_wp.o(i._is_digit)
    _sys_exit                                0x080072bb   Thumb Code     2  serial.o(i._sys_exit)
    aprintf                                  0x080072bd   Thumb Code    38  printfserial.o(i.aprintf)
    atan                                     0x080072e3   Thumb Code    16  atan.o(i.atan)
    fabs                                     0x080072f3   Thumb Code    24  fabs.o(i.fabs)
    fputc                                    0x0800730d   Thumb Code    30  printfserial.o(i.fputc)
    main                                     0x08007331   Thumb Code   138  main.o(i.main)
    sqrt                                     0x080074a5   Thumb Code   110  sqrt.o(i.sqrt)
    thetas_Init                              0x08007515   Thumb Code    18  mathematical.o(i.thetas_Init)
    _get_lc_numeric                          0x0800752d   Thumb Code    44  lc_numeric_c.o(locale$$code)
    _get_lc_ctype                            0x08007559   Thumb Code    44  lc_ctype_c.o(locale$$code)
    __aeabi_dneg                             0x08007585   Thumb Code     0  basic.o(x$fpl$basic)
    _dneg                                    0x08007585   Thumb Code     6  basic.o(x$fpl$basic)
    __aeabi_fneg                             0x0800758b   Thumb Code     0  basic.o(x$fpl$basic)
    _fneg                                    0x0800758b   Thumb Code     6  basic.o(x$fpl$basic)
    _dabs                                    0x08007591   Thumb Code     6  basic.o(x$fpl$basic)
    _fabs                                    0x08007597   Thumb Code     6  basic.o(x$fpl$basic)
    __aeabi_d2f                              0x0800759d   Thumb Code     0  d2f.o(x$fpl$d2f)
    _d2f                                     0x0800759d   Thumb Code    98  d2f.o(x$fpl$d2f)
    __aeabi_dadd                             0x08007601   Thumb Code     0  daddsub_clz.o(x$fpl$dadd)
    _dadd                                    0x08007601   Thumb Code   332  daddsub_clz.o(x$fpl$dadd)
    __fpl_dcheck_NaN1                        0x08007751   Thumb Code    10  dcheck1.o(x$fpl$dcheck1)
    __fpl_dcmp_Inf                           0x08007761   Thumb Code    24  dcmpi.o(x$fpl$dcmpinf)
    __aeabi_ddiv                             0x08007779   Thumb Code     0  ddiv.o(x$fpl$ddiv)
    _ddiv                                    0x08007779   Thumb Code   552  ddiv.o(x$fpl$ddiv)
    __aeabi_cdcmpeq                          0x08007a29   Thumb Code     0  deqf.o(x$fpl$deqf)
    _dcmpeq                                  0x08007a29   Thumb Code   120  deqf.o(x$fpl$deqf)
    __aeabi_d2iz                             0x08007aa1   Thumb Code     0  dfix.o(x$fpl$dfix)
    _dfix                                    0x08007aa1   Thumb Code    94  dfix.o(x$fpl$dfix)
    __aeabi_i2d                              0x08007aff   Thumb Code     0  dflt_clz.o(x$fpl$dflt)
    _dflt                                    0x08007aff   Thumb Code    46  dflt_clz.o(x$fpl$dflt)
    __aeabi_ui2d                             0x08007b2d   Thumb Code     0  dflt_clz.o(x$fpl$dfltu)
    _dfltu                                   0x08007b2d   Thumb Code    38  dflt_clz.o(x$fpl$dfltu)
    __aeabi_cdcmple                          0x08007b55   Thumb Code     0  dleqf.o(x$fpl$dleqf)
    _dcmple                                  0x08007b55   Thumb Code   120  dleqf.o(x$fpl$dleqf)
    __fpl_dcmple_InfNaN                      0x08007bb7   Thumb Code     0  dleqf.o(x$fpl$dleqf)
    __aeabi_dmul                             0x08007bcd   Thumb Code     0  dmul.o(x$fpl$dmul)
    _dmul                                    0x08007bcd   Thumb Code   332  dmul.o(x$fpl$dmul)
    __fpl_dnaninf                            0x08007d21   Thumb Code   156  dnaninf.o(x$fpl$dnaninf)
    __fpl_dretinf                            0x08007dbd   Thumb Code    12  dretinf.o(x$fpl$dretinf)
    __aeabi_cdrcmple                         0x08007dc9   Thumb Code     0  drleqf.o(x$fpl$drleqf)
    _drcmple                                 0x08007dc9   Thumb Code   108  drleqf.o(x$fpl$drleqf)
    __aeabi_drsub                            0x08007e35   Thumb Code     0  daddsub_clz.o(x$fpl$drsb)
    _drsb                                    0x08007e35   Thumb Code    22  daddsub_clz.o(x$fpl$drsb)
    _dsqrt                                   0x08007e4d   Thumb Code   404  dsqrt_umaal.o(x$fpl$dsqrt)
    __aeabi_dsub                             0x08007fe5   Thumb Code     0  daddsub_clz.o(x$fpl$dsub)
    _dsub                                    0x08007fe5   Thumb Code   464  daddsub_clz.o(x$fpl$dsub)
    __aeabi_f2d                              0x080081b9   Thumb Code     0  f2d.o(x$fpl$f2d)
    _f2d                                     0x080081b9   Thumb Code    86  f2d.o(x$fpl$f2d)
    __fpl_fnaninf                            0x0800820f   Thumb Code   140  fnaninf.o(x$fpl$fnaninf)
    _fp_init                                 0x0800829b   Thumb Code    10  fpinit.o(x$fpl$fpinit)
    __fplib_config_fpu_vfp                   0x080082a3   Thumb Code     0  fpinit.o(x$fpl$fpinit)
    __fplib_config_pureend_doubles           0x080082a3   Thumb Code     0  fpinit.o(x$fpl$fpinit)
    __fpl_fretinf                            0x080082a5   Thumb Code    10  fretinf.o(x$fpl$fretinf)
    _printf_fp_dec                           0x080082af   Thumb Code     4  printf1.o(x$fpl$printf1)
    _printf_fp_hex                           0x080082b3   Thumb Code     4  printf2.o(x$fpl$printf2)
    __fpl_return_NaN                         0x080082b7   Thumb Code   100  retnan.o(x$fpl$retnan)
    __ARM_scalbn                             0x0800831b   Thumb Code    92  scalbn.o(x$fpl$scalbn)
    __fpl_cmpreturn                          0x08008377   Thumb Code    48  trapv.o(x$fpl$trapveneer)
    OLED_F8x16                               0x080083a6   Data        1520  oled.o(.constdata)
    __I$use$fp                               0x080083a6   Number         0  usenofp.o(x$fpl$usenofp)
    __mathlib_zero                           0x08008c20   Data           8  qnan.o(.constdata)
    Region$$Table$$Base                      0x08008df4   Number         0  anon$$obj.o(Region$$Table)
    Region$$Table$$Limit                     0x08008e14   Number         0  anon$$obj.o(Region$$Table)
    __ctype                                  0x08008e3d   Data           0  lc_ctype_c.o(locale$$data)
    per_us                                   0x20000010   Data           1  delay.o(.data)
    per_ms                                   0x20000014   Data           4  delay.o(.data)
    SPEED                                    0x20000018   Data           2  action.o(.data)
    LeftJoint_Module                         0x2000001a   Data           3  action.o(.data)
    LeftLeg_Module                           0x2000001d   Data           3  action.o(.data)
    RightJoint_Module                        0x20000020   Data           3  action.o(.data)
    RightLeg_Module                          0x20000023   Data           3  action.o(.data)
    Robot_Posture                            0x20000028   Data           4  action.o(.data)
    RobotjointArray                          0x2000002c   Data           6  action.o(.data)
    Universal_Param                          0x20000032   Data           6  action.o(.data)
    LeftLegUP_Param                          0x20000038   Data           6  action.o(.data)
    RightLeg_UP_Param                        0x2000003e   Data           6  action.o(.data)
    AdvanceLeftJointfront_Param              0x20000044   Data           6  action.o(.data)
    AdvanceLeftJointrear_Param               0x2000004a   Data           6  action.o(.data)
    AdvanceRightJointfront_Param             0x20000050   Data           6  action.o(.data)
    AdvanceRightJointrear_Param              0x20000056   Data           6  action.o(.data)
    RetreatLeftJointfront_Param              0x2000005c   Data           6  action.o(.data)
    RetreatLeftJointrear_Param               0x20000062   Data           6  action.o(.data)
    RetreatRightJointfront_Param             0x20000068   Data           6  action.o(.data)
    RetreatRightJointrear_Param              0x2000006e   Data           6  action.o(.data)
    TurnLeftJointfront_Param                 0x20000074   Data           6  action.o(.data)
    TurnLeftJointrear_Param                  0x2000007a   Data           6  action.o(.data)
    TurnRightJointfront_Param                0x20000080   Data           6  action.o(.data)
    TurnRightJointrear_Param                 0x20000086   Data           6  action.o(.data)
    Robot_Low_Start                          0x2000008c   Data          36  action.o(.data)
    Robot_Restoration                        0x200000b0   Data          36  action.o(.data)
    Rotation_Param                           0x200000d4   Data          12  action.o(.data)
    Robot_Low_Offset                         0x200000e0   Data          38  gaitcontroller.o(.data)
    Asr_Rx                                   0x20000106   Data           1  asrproserial.o(.data)
    Bluetooch_RxFlag                         0x20000109   Data           1  blueserial.o(.data)
    __stdout                                 0x2000010c   Data           4  serial.o(.data)
    adc_value                                0x20000124   Data           2  obstacle.o(.data)
    actionenum                               0x20000128   Data          60  main.o(.data)
    kinematicsnum                            0x20000164   Data          60  main.o(.data)
    bule_actnumber                           0x200001a0   Data           1  main.o(.data)
    instruct                                 0x200001a4   Data           4  main.o(.data)
    Pitch                                    0x200001a8   Data           4  main.o(.data)
    Roll                                     0x200001ac   Data           4  main.o(.data)
    Robot_Posture_Begin                      0x200001b0   Data          36  action.o(.bss)
    Move_Theta_Foreleg                       0x200001e0   Data          12  gaitcontroller.o(.bss)
    Move_Theta_Middleleg                     0x200001ec   Data          12  gaitcontroller.o(.bss)
    Move_Theta_Hindleg                       0x200001f8   Data          12  gaitcontroller.o(.bss)
    RobotTxBuf                               0x20000204   Data         128  robotservocontroller.o(.bss)
    Bluetooch_RxPacket                       0x20000284   Data         100  blueserial.o(.bss)
    Pi3_csys                                 0x200002e8   Data          72  mathematical.o(.bss)
    Tissue_leg                               0x20000330   Data         864  mathematical.o(.bss)
    CPi3_csys                                0x20000690   Data          72  mathematical.o(.bss)
    Pi0_Pi3_csys                             0x200006d8   Data          72  mathematical.o(.bss)
    CPi3_balance_csys                        0x20000720   Data          72  mathematical.o(.bss)
    Pi0_Pi3_balance_csys                     0x20000768   Data          72  mathematical.o(.bss)
    Pi0_Pi3_body_move_csys                   0x200007b0   Data          72  mathematical.o(.bss)
    __libspace_start                         0x200007f8   Data          96  libspace.o(.bss)
    __temporary_stack_top$libspace           0x20000858   Data           0  libspace.o(.bss)



==============================================================================

Memory Map of the image

  Image Entry point : 0x08000189

  Load Region LR_IROM1 (Base: 0x08000000, Size: 0x000090f0, Max: 0x00100000, ABSOLUTE, COMPRESSED[0x00009050])

    Execution Region ER_IROM1 (Exec base: 0x08000000, Load base: 0x08000000, Size: 0x00008f40, Max: 0x00100000, ABSOLUTE)

    Exec Addr    Load Addr    Size         Type   Attr      Idx    E Section Name        Object

    0x08000000   0x08000000   0x00000188   Data   RO         5219    RESET               startup_stm32f40_41xxx.o
    0x08000188   0x08000188   0x00000008   Code   RO         6454  * !!!main             c_w.l(__main.o)
    0x08000190   0x08000190   0x00000034   Code   RO         7002    !!!scatter          c_w.l(__scatter.o)
    0x080001c4   0x080001c4   0x0000005a   Code   RO         7000    !!dczerorl2         c_w.l(__dczerorl2.o)
    0x0800021e   0x0800021e   0x00000002   PAD
    0x08000220   0x08000220   0x0000001c   Code   RO         7004    !!handler_zi        c_w.l(__scatter_zi.o)
    0x0800023c   0x0800023c   0x00000000   Code   RO         6443    .ARM.Collect$$_printf_percent$$00000000  c_w.l(_printf_percent.o)
    0x0800023c   0x0800023c   0x00000006   Code   RO         6660    .ARM.Collect$$_printf_percent$$00000001  c_w.l(_printf_n.o)
    0x08000242   0x08000242   0x00000006   Code   RO         6662    .ARM.Collect$$_printf_percent$$00000002  c_w.l(_printf_p.o)
    0x08000248   0x08000248   0x00000006   Code   RO         6442    .ARM.Collect$$_printf_percent$$00000003  c_w.l(_printf_f.o)
    0x0800024e   0x0800024e   0x00000006   Code   RO         6667    .ARM.Collect$$_printf_percent$$00000004  c_w.l(_printf_e.o)
    0x08000254   0x08000254   0x00000006   Code   RO         6668    .ARM.Collect$$_printf_percent$$00000005  c_w.l(_printf_g.o)
    0x0800025a   0x0800025a   0x00000006   Code   RO         6669    .ARM.Collect$$_printf_percent$$00000006  c_w.l(_printf_a.o)
    0x08000260   0x08000260   0x0000000a   Code   RO         6674    .ARM.Collect$$_printf_percent$$00000007  c_w.l(_printf_ll.o)
    0x0800026a   0x0800026a   0x00000006   Code   RO         6664    .ARM.Collect$$_printf_percent$$00000008  c_w.l(_printf_i.o)
    0x08000270   0x08000270   0x00000006   Code   RO         6665    .ARM.Collect$$_printf_percent$$00000009  c_w.l(_printf_d.o)
    0x08000276   0x08000276   0x00000006   Code   RO         6666    .ARM.Collect$$_printf_percent$$0000000A  c_w.l(_printf_u.o)
    0x0800027c   0x0800027c   0x00000006   Code   RO         6663    .ARM.Collect$$_printf_percent$$0000000B  c_w.l(_printf_o.o)
    0x08000282   0x08000282   0x00000006   Code   RO         6661    .ARM.Collect$$_printf_percent$$0000000C  c_w.l(_printf_x.o)
    0x08000288   0x08000288   0x00000006   Code   RO         6671    .ARM.Collect$$_printf_percent$$0000000D  c_w.l(_printf_lli.o)
    0x0800028e   0x0800028e   0x00000006   Code   RO         6672    .ARM.Collect$$_printf_percent$$0000000E  c_w.l(_printf_lld.o)
    0x08000294   0x08000294   0x00000006   Code   RO         6673    .ARM.Collect$$_printf_percent$$0000000F  c_w.l(_printf_llu.o)
    0x0800029a   0x0800029a   0x00000006   Code   RO         6678    .ARM.Collect$$_printf_percent$$00000010  c_w.l(_printf_llo.o)
    0x080002a0   0x080002a0   0x00000006   Code   RO         6679    .ARM.Collect$$_printf_percent$$00000011  c_w.l(_printf_llx.o)
    0x080002a6   0x080002a6   0x0000000a   Code   RO         6675    .ARM.Collect$$_printf_percent$$00000012  c_w.l(_printf_l.o)
    0x080002b0   0x080002b0   0x00000006   Code   RO         6658    .ARM.Collect$$_printf_percent$$00000013  c_w.l(_printf_c.o)
    0x080002b6   0x080002b6   0x00000006   Code   RO         6659    .ARM.Collect$$_printf_percent$$00000014  c_w.l(_printf_s.o)
    0x080002bc   0x080002bc   0x00000006   Code   RO         6676    .ARM.Collect$$_printf_percent$$00000015  c_w.l(_printf_lc.o)
    0x080002c2   0x080002c2   0x00000006   Code   RO         6677    .ARM.Collect$$_printf_percent$$00000016  c_w.l(_printf_ls.o)
    0x080002c8   0x080002c8   0x00000004   Code   RO         6670    .ARM.Collect$$_printf_percent$$00000017  c_w.l(_printf_percent_end.o)
    0x080002cc   0x080002cc   0x00000002   Code   RO         6869    .ARM.Collect$$libinit$$00000000  c_w.l(libinit.o)
    0x080002ce   0x080002ce   0x00000004   Code   RO         6870    .ARM.Collect$$libinit$$00000001  c_w.l(libinit2.o)
    0x080002d2   0x080002d2   0x00000000   Code   RO         6873    .ARM.Collect$$libinit$$00000004  c_w.l(libinit2.o)
    0x080002d2   0x080002d2   0x00000000   Code   RO         6876    .ARM.Collect$$libinit$$0000000A  c_w.l(libinit2.o)
    0x080002d2   0x080002d2   0x00000000   Code   RO         6878    .ARM.Collect$$libinit$$0000000C  c_w.l(libinit2.o)
    0x080002d2   0x080002d2   0x00000000   Code   RO         6880    .ARM.Collect$$libinit$$0000000E  c_w.l(libinit2.o)
    0x080002d2   0x080002d2   0x00000006   Code   RO         6881    .ARM.Collect$$libinit$$0000000F  c_w.l(libinit2.o)
    0x080002d8   0x080002d8   0x00000000   Code   RO         6883    .ARM.Collect$$libinit$$00000011  c_w.l(libinit2.o)
    0x080002d8   0x080002d8   0x0000000c   Code   RO         6884    .ARM.Collect$$libinit$$00000012  c_w.l(libinit2.o)
    0x080002e4   0x080002e4   0x00000000   Code   RO         6885    .ARM.Collect$$libinit$$00000013  c_w.l(libinit2.o)
    0x080002e4   0x080002e4   0x00000000   Code   RO         6887    .ARM.Collect$$libinit$$00000015  c_w.l(libinit2.o)
    0x080002e4   0x080002e4   0x0000000a   Code   RO         6888    .ARM.Collect$$libinit$$00000016  c_w.l(libinit2.o)
    0x080002ee   0x080002ee   0x00000000   Code   RO         6889    .ARM.Collect$$libinit$$00000017  c_w.l(libinit2.o)
    0x080002ee   0x080002ee   0x00000000   Code   RO         6891    .ARM.Collect$$libinit$$00000019  c_w.l(libinit2.o)
    0x080002ee   0x080002ee   0x00000000   Code   RO         6893    .ARM.Collect$$libinit$$0000001B  c_w.l(libinit2.o)
    0x080002ee   0x080002ee   0x00000000   Code   RO         6895    .ARM.Collect$$libinit$$0000001D  c_w.l(libinit2.o)
    0x080002ee   0x080002ee   0x00000000   Code   RO         6897    .ARM.Collect$$libinit$$0000001F  c_w.l(libinit2.o)
    0x080002ee   0x080002ee   0x00000000   Code   RO         6899    .ARM.Collect$$libinit$$00000021  c_w.l(libinit2.o)
    0x080002ee   0x080002ee   0x00000000   Code   RO         6901    .ARM.Collect$$libinit$$00000023  c_w.l(libinit2.o)
    0x080002ee   0x080002ee   0x00000000   Code   RO         6903    .ARM.Collect$$libinit$$00000025  c_w.l(libinit2.o)
    0x080002ee   0x080002ee   0x00000000   Code   RO         6907    .ARM.Collect$$libinit$$0000002C  c_w.l(libinit2.o)
    0x080002ee   0x080002ee   0x00000000   Code   RO         6909    .ARM.Collect$$libinit$$0000002E  c_w.l(libinit2.o)
    0x080002ee   0x080002ee   0x00000000   Code   RO         6911    .ARM.Collect$$libinit$$00000030  c_w.l(libinit2.o)
    0x080002ee   0x080002ee   0x00000000   Code   RO         6913    .ARM.Collect$$libinit$$00000032  c_w.l(libinit2.o)
    0x080002ee   0x080002ee   0x00000002   Code   RO         6914    .ARM.Collect$$libinit$$00000033  c_w.l(libinit2.o)
    0x080002f0   0x080002f0   0x00000002   Code   RO         6946    .ARM.Collect$$libshutdown$$00000000  c_w.l(libshutdown.o)
    0x080002f2   0x080002f2   0x00000000   Code   RO         6957    .ARM.Collect$$libshutdown$$00000002  c_w.l(libshutdown2.o)
    0x080002f2   0x080002f2   0x00000000   Code   RO         6959    .ARM.Collect$$libshutdown$$00000004  c_w.l(libshutdown2.o)
    0x080002f2   0x080002f2   0x00000000   Code   RO         6961    .ARM.Collect$$libshutdown$$00000006  c_w.l(libshutdown2.o)
    0x080002f2   0x080002f2   0x00000000   Code   RO         6964    .ARM.Collect$$libshutdown$$00000009  c_w.l(libshutdown2.o)
    0x080002f2   0x080002f2   0x00000000   Code   RO         6967    .ARM.Collect$$libshutdown$$0000000C  c_w.l(libshutdown2.o)
    0x080002f2   0x080002f2   0x00000000   Code   RO         6969    .ARM.Collect$$libshutdown$$0000000E  c_w.l(libshutdown2.o)
    0x080002f2   0x080002f2   0x00000000   Code   RO         6972    .ARM.Collect$$libshutdown$$00000011  c_w.l(libshutdown2.o)
    0x080002f2   0x080002f2   0x00000002   Code   RO         6973    .ARM.Collect$$libshutdown$$00000012  c_w.l(libshutdown2.o)
    0x080002f4   0x080002f4   0x00000000   Code   RO         6598    .ARM.Collect$$rtentry$$00000000  c_w.l(__rtentry.o)
    0x080002f4   0x080002f4   0x00000000   Code   RO         6771    .ARM.Collect$$rtentry$$00000002  c_w.l(__rtentry2.o)
    0x080002f4   0x080002f4   0x00000006   Code   RO         6783    .ARM.Collect$$rtentry$$00000004  c_w.l(__rtentry4.o)
    0x080002fa   0x080002fa   0x00000000   Code   RO         6773    .ARM.Collect$$rtentry$$00000009  c_w.l(__rtentry2.o)
    0x080002fa   0x080002fa   0x00000004   Code   RO         6774    .ARM.Collect$$rtentry$$0000000A  c_w.l(__rtentry2.o)
    0x080002fe   0x080002fe   0x00000000   Code   RO         6776    .ARM.Collect$$rtentry$$0000000C  c_w.l(__rtentry2.o)
    0x080002fe   0x080002fe   0x00000008   Code   RO         6777    .ARM.Collect$$rtentry$$0000000D  c_w.l(__rtentry2.o)
    0x08000306   0x08000306   0x00000002   Code   RO         6917    .ARM.Collect$$rtexit$$00000000  c_w.l(rtexit.o)
    0x08000308   0x08000308   0x00000000   Code   RO         6926    .ARM.Collect$$rtexit$$00000002  c_w.l(rtexit2.o)
    0x08000308   0x08000308   0x00000004   Code   RO         6927    .ARM.Collect$$rtexit$$00000003  c_w.l(rtexit2.o)
    0x0800030c   0x0800030c   0x00000006   Code   RO         6928    .ARM.Collect$$rtexit$$00000004  c_w.l(rtexit2.o)
    0x08000312   0x08000312   0x00000002   PAD
    0x08000314   0x08000314   0x00000040   Code   RO         5220    .text               startup_stm32f40_41xxx.o
    0x08000354   0x08000354   0x00000034   Code   RO         6414    .text               c_w.l(vsnprintf.o)
    0x08000388   0x08000388   0x00000018   Code   RO         6416    .text               c_w.l(__2printf.o)
    0x080003a0   0x080003a0   0x00000188   Code   RO         6439    .text               c_w.l(__printf_flags_ss_wp.o)
    0x08000528   0x08000528   0x0000003e   Code   RO         6446    .text               c_w.l(strlen.o)
    0x08000566   0x08000566   0x00000064   Code   RO         6448    .text               c_w.l(rt_memcpy_w.o)
    0x080005ca   0x080005ca   0x0000004e   Code   RO         6450    .text               c_w.l(rt_memclr_w.o)
    0x08000618   0x08000618   0x00000006   Code   RO         6452    .text               c_w.l(heapauxi.o)
    0x0800061e   0x0800061e   0x00000002   PAD
    0x08000620   0x08000620   0x00000008   Code   RO         6602    .text               c_w.l(rt_errno_addr_intlibspace.o)
    0x08000628   0x08000628   0x00000016   Code   RO         6604    .text               c_w.l(_rserrno.o)
    0x0800063e   0x0800063e   0x0000004e   Code   RO         6606    .text               c_w.l(_printf_pad.o)
    0x0800068c   0x0800068c   0x00000024   Code   RO         6608    .text               c_w.l(_printf_truncate.o)
    0x080006b0   0x080006b0   0x00000052   Code   RO         6610    .text               c_w.l(_printf_str.o)
    0x08000702   0x08000702   0x00000002   PAD
    0x08000704   0x08000704   0x00000078   Code   RO         6612    .text               c_w.l(_printf_dec.o)
    0x0800077c   0x0800077c   0x00000028   Code   RO         6614    .text               c_w.l(_printf_charcount.o)
    0x080007a4   0x080007a4   0x0000041e   Code   RO         6616    .text               c_w.l(_printf_fp_dec.o)
    0x08000bc2   0x08000bc2   0x00000002   PAD
    0x08000bc4   0x08000bc4   0x00000030   Code   RO         6618    .text               c_w.l(_printf_char_common.o)
    0x08000bf4   0x08000bf4   0x0000000a   Code   RO         6620    .text               c_w.l(_sputc.o)
    0x08000bfe   0x08000bfe   0x00000010   Code   RO         6622    .text               c_w.l(_snputc.o)
    0x08000c0e   0x08000c0e   0x00000002   PAD
    0x08000c10   0x08000c10   0x00000024   Code   RO         6624    .text               c_w.l(_printf_char_file.o)
    0x08000c34   0x08000c34   0x000000bc   Code   RO         6626    .text               c_w.l(_printf_wctomb.o)
    0x08000cf0   0x08000cf0   0x0000007c   Code   RO         6629    .text               c_w.l(_printf_longlong_dec.o)
    0x08000d6c   0x08000d6c   0x00000070   Code   RO         6635    .text               c_w.l(_printf_oct_int_ll.o)
    0x08000ddc   0x08000ddc   0x00000094   Code   RO         6655    .text               c_w.l(_printf_hex_int_ll_ptr.o)
    0x08000e70   0x08000e70   0x00000008   Code   RO         6767    .text               c_w.l(libspace.o)
    0x08000e78   0x08000e78   0x00000010   Code   RO         6785    .text               c_w.l(rt_ctype_table.o)
    0x08000e88   0x08000e88   0x00000008   Code   RO         6790    .text               c_w.l(rt_locale_intlibspace.o)
    0x08000e90   0x08000e90   0x0000008a   Code   RO         6792    .text               c_w.l(lludiv10.o)
    0x08000f1a   0x08000f1a   0x000000b2   Code   RO         6794    .text               c_w.l(_printf_intcommon.o)
    0x08000fcc   0x08000fcc   0x000002fc   Code   RO         6796    .text               c_w.l(_printf_fp_hex.o)
    0x080012c8   0x080012c8   0x00000080   Code   RO         6799    .text               c_w.l(_printf_fp_infnan.o)
    0x08001348   0x08001348   0x0000002c   Code   RO         6803    .text               c_w.l(_printf_char.o)
    0x08001374   0x08001374   0x0000002c   Code   RO         6805    .text               c_w.l(_printf_wchar.o)
    0x080013a0   0x080013a0   0x000000e4   Code   RO         6809    .text               c_w.l(bigflt0.o)
    0x08001484   0x08001484   0x00000008   Code   RO         6834    .text               c_w.l(ferror.o)
    0x0800148c   0x0800148c   0x00000040   Code   RO         6838    .text               c_w.l(_wcrtomb.o)
    0x080014cc   0x080014cc   0x0000004a   Code   RO         6853    .text               c_w.l(sys_stackheap_outer.o)
    0x08001516   0x08001516   0x00000012   Code   RO         6860    .text               c_w.l(exit.o)
    0x08001528   0x08001528   0x00000080   Code   RO         6862    .text               c_w.l(strcmpv7m.o)
    0x080015a8   0x080015a8   0x0000003e   Code   RO         6812    CL$$btod_d2e        c_w.l(btod.o)
    0x080015e6   0x080015e6   0x00000046   Code   RO         6814    CL$$btod_d2e_denorm_low  c_w.l(btod.o)
    0x0800162c   0x0800162c   0x00000060   Code   RO         6813    CL$$btod_d2e_norm_op1  c_w.l(btod.o)
    0x0800168c   0x0800168c   0x00000338   Code   RO         6822    CL$$btod_div_common  c_w.l(btod.o)
    0x080019c4   0x080019c4   0x000000dc   Code   RO         6819    CL$$btod_e2e        c_w.l(btod.o)
    0x08001aa0   0x08001aa0   0x0000002a   Code   RO         6816    CL$$btod_ediv       c_w.l(btod.o)
    0x08001aca   0x08001aca   0x0000002a   Code   RO         6815    CL$$btod_emul       c_w.l(btod.o)
    0x08001af4   0x08001af4   0x00000244   Code   RO         6821    CL$$btod_mult_common  c_w.l(btod.o)
    0x08001d38   0x08001d38   0x00000008   Code   RO          164    i.ADC_ClearITPendingBit  stm32f4xx_adc.o
    0x08001d40   0x08001d40   0x00000006   Code   RO          177    i.ADC_GetConversionValue  stm32f4xx_adc.o
    0x08001d46   0x08001d46   0x0000001e   Code   RO          179    i.ADC_GetITStatus   stm32f4xx_adc.o
    0x08001d64   0x08001d64   0x00000034   Code   RO         6216    i.ADC_IRQHandler    obstacle.o
    0x08001d98   0x08001d98   0x000002d4   Code   RO         5623    i.AdjustPosture     gaitcontroller.o
    0x0800206c   0x0800206c   0x000000b4   Code   RO         5877    i.AsrPro_Init       asrproserial.o
    0x08002120   0x08002120   0x00000098   Code   RO         5410    i.Board_Init        aboard.o
    0x080021b8   0x080021b8   0x00000002   Code   RO         5113    i.BusFault_Handler  stm32f4xx_it.o
    0x080021ba   0x080021ba   0x00000002   PAD
    0x080021bc   0x080021bc   0x00000024   Code   RO         6303    i.BuzzerDebug       buzzer.o
    0x080021e0   0x080021e0   0x00000034   Code   RO         6304    i.Buzzer_Init       buzzer.o
    0x08002214   0x08002214   0x00000054   Code   RO         5624    i.CalculateAndCacheAngles  gaitcontroller.o
    0x08002268   0x08002268   0x000000c8   Code   RO         6264    i.Cloud_Init        cloud.o
    0x08002330   0x08002330   0x00000002   Code   RO         5114    i.DebugMon_Handler  stm32f4xx_it.o
    0x08002332   0x08002332   0x0000001c   Code   RO         5625    i.DefaultMotionParams  gaitcontroller.o
    0x0800234e   0x0800234e   0x00000002   PAD
    0x08002350   0x08002350   0x00000050   Code   RO         5227    i.Delay_Init        delay.o
    0x080023a0   0x080023a0   0x00000040   Code   RO         5228    i.Delay_Ms          delay.o
    0x080023e0   0x080023e0   0x000001d0   Code   RO         5626    i.Demo_AdjustPosture  gaitcontroller.o
    0x080025b0   0x080025b0   0x00000014   Code   RO         5627    i.Demo_DefaultAdvance  gaitcontroller.o
    0x080025c4   0x080025c4   0x00000014   Code   RO         5628    i.Demo_DefaultBack  gaitcontroller.o
    0x080025d8   0x080025d8   0x00000014   Code   RO         5629    i.Demo_DefaultSidestep_L  gaitcontroller.o
    0x080025ec   0x080025ec   0x00000014   Code   RO         5630    i.Demo_DefaultSidestep_R  gaitcontroller.o
    0x08002600   0x08002600   0x00000014   Code   RO         5631    i.Demo_DefaultTurn_Left  gaitcontroller.o
    0x08002614   0x08002614   0x00000014   Code   RO         5632    i.Demo_DefaultTurn_Right  gaitcontroller.o
    0x08002628   0x08002628   0x00000060   Code   RO         5411    i.EXTI3_IRQHandler  aboard.o
    0x08002688   0x08002688   0x00000030   Code   RO         5412    i.EXTI4_IRQHandler  aboard.o
    0x080026b8   0x080026b8   0x0000000c   Code   RO         1473    i.EXTI_ClearITPendingBit  stm32f4xx_exti.o
    0x080026c4   0x080026c4   0x00000014   Code   RO         1477    i.EXTI_GetITStatus  stm32f4xx_exti.o
    0x080026d8   0x080026d8   0x00000074   Code   RO         1478    i.EXTI_Init         stm32f4xx_exti.o
    0x0800274c   0x0800274c   0x000003dc   Code   RO         5633    i.ExecuteGaitPhase  gaitcontroller.o
    0x08002b28   0x08002b28   0x0000019c   Code   RO         6141    i.ForwardKinematics  mathematical.o
    0x08002cc4   0x08002cc4   0x0000007c   Code   RO         1986    i.GPIO_Init         stm32f4xx_gpio.o
    0x08002d40   0x08002d40   0x00000020   Code   RO         1987    i.GPIO_PinAFConfig  stm32f4xx_gpio.o
    0x08002d60   0x08002d60   0x0000000e   Code   RO         1990    i.GPIO_ReadInputDataBit  stm32f4xx_gpio.o
    0x08002d6e   0x08002d6e   0x00000006   Code   RO         1993    i.GPIO_ResetBits    stm32f4xx_gpio.o
    0x08002d74   0x08002d74   0x00000004   Code   RO         1994    i.GPIO_SetBits      stm32f4xx_gpio.o
    0x08002d78   0x08002d78   0x00000012   Code   RO         1995    i.GPIO_StructInit   stm32f4xx_gpio.o
    0x08002d8a   0x08002d8a   0x0000000e   Code   RO         1998    i.GPIO_WriteBit     stm32f4xx_gpio.o
    0x08002d98   0x08002d98   0x000000dc   Code   RO         5634    i.Gait_Init         gaitcontroller.o
    0x08002e74   0x08002e74   0x00000568   Code   RO         6142    i.Geo_center_Position03_Init  mathematical.o
    0x080033dc   0x080033dc   0x00000018   Code   RO         6143    i.Geo_center_coordinate_Sys_Init  mathematical.o
    0x080033f4   0x080033f4   0x0000003c   Code   RO         5635    i.GetBasePosition   gaitcontroller.o
    0x08003430   0x08003430   0x00000002   Code   RO         5991    i.Get_ID            serial.o
    0x08003432   0x08003432   0x00000002   Code   RO         5115    i.HardFault_Handler  stm32f4xx_it.o
    0x08003434   0x08003434   0x000002dc   Code   RO         6144    i.InverseKinematics  mathematical.o
    0x08003710   0x08003710   0x00000064   Code   RO         5838    i.Leg_ACE_Move      ctrl_leg.o
    0x08003774   0x08003774   0x00000064   Code   RO         5839    i.Leg_BDF_Move      ctrl_leg.o
    0x080037d8   0x080037d8   0x00000002   Code   RO         5116    i.MemManage_Handler  stm32f4xx_it.o
    0x080037da   0x080037da   0x0000003c   Code   RO         5637    i.MoveLegsGroup     gaitcontroller.o
    0x08003816   0x08003816   0x00000002   PAD
    0x08003818   0x08003818   0x00000040   Code   RO         5799    i.MoveServo         robotservocontroller.o
    0x08003858   0x08003858   0x00000020   Code   RO         5479    i.Move_Advance      action.o
    0x08003878   0x08003878   0x00000020   Code   RO         5480    i.Move_Left_Turn    action.o
    0x08003898   0x08003898   0x000000c4   Code   RO         5481    i.Move_Logic        action.o
    0x0800395c   0x0800395c   0x00000024   Code   RO         5482    i.Move_Restoration  action.o
    0x08003980   0x08003980   0x00000020   Code   RO         5483    i.Move_Retreat      action.o
    0x080039a0   0x080039a0   0x00000020   Code   RO         5484    i.Move_Right_Turn   action.o
    0x080039c0   0x080039c0   0x00000074   Code   RO         5485    i.Move_Rotation     action.o
    0x08003a34   0x08003a34   0x000000b4   Code   RO         5486    i.Move_Side_Left    action.o
    0x08003ae8   0x08003ae8   0x000000b4   Code   RO         5487    i.Move_Side_Right   action.o
    0x08003b9c   0x08003b9c   0x00000010   Code   RO         5488    i.Move_Stop         action.o
    0x08003bac   0x08003bac   0x00000002   Code   RO         5117    i.NMI_Handler       stm32f4xx_it.o
    0x08003bae   0x08003bae   0x00000002   PAD
    0x08003bb0   0x08003bb0   0x00000068   Code   RO            4    i.NVIC_Init         misc.o
    0x08003c18   0x08003c18   0x00000014   Code   RO            5    i.NVIC_PriorityGroupConfig  misc.o
    0x08003c2c   0x08003c2c   0x00000026   Code   RO         5279    i.OLED_Clear        oled.o
    0x08003c52   0x08003c52   0x00000002   PAD
    0x08003c54   0x08003c54   0x0000004c   Code   RO         5280    i.OLED_I2C_Init     oled.o
    0x08003ca0   0x08003ca0   0x0000005c   Code   RO         5281    i.OLED_I2C_SendByte  oled.o
    0x08003cfc   0x08003cfc   0x00000038   Code   RO         5282    i.OLED_I2C_Start    oled.o
    0x08003d34   0x08003d34   0x00000030   Code   RO         5283    i.OLED_I2C_Stop     oled.o
    0x08003d64   0x08003d64   0x000000ac   Code   RO         5284    i.OLED_Init         oled.o
    0x08003e10   0x08003e10   0x00000022   Code   RO         5286    i.OLED_SetCursor    oled.o
    0x08003e32   0x08003e32   0x00000002   PAD
    0x08003e34   0x08003e34   0x00000058   Code   RO         5288    i.OLED_ShowChar     oled.o
    0x08003e8c   0x08003e8c   0x00000026   Code   RO         5292    i.OLED_ShowString   oled.o
    0x08003eb2   0x08003eb2   0x00000022   Code   RO         5293    i.OLED_WriteCommand  oled.o
    0x08003ed4   0x08003ed4   0x00000022   Code   RO         5294    i.OLED_WriteData    oled.o
    0x08003ef6   0x08003ef6   0x00000002   Code   RO         5118    i.PendSV_Handler    stm32f4xx_it.o
    0x08003ef8   0x08003ef8   0x00000018   Code   RO         6145    i.Pi0_coordinate_Sys_Init  mathematical.o
    0x08003f10   0x08003f10   0x000000ec   Code   RO         6083    i.Printf_Init       printfserial.o
    0x08003ffc   0x08003ffc   0x0000001c   Code   RO         2912    i.RCC_AHB1PeriphClockCmd  stm32f4xx_rcc.o
    0x08004018   0x08004018   0x0000001c   Code   RO         2921    i.RCC_APB1PeriphClockCmd  stm32f4xx_rcc.o
    0x08004034   0x08004034   0x0000001c   Code   RO         2923    i.RCC_APB1PeriphResetCmd  stm32f4xx_rcc.o
    0x08004050   0x08004050   0x0000001c   Code   RO         2924    i.RCC_APB2PeriphClockCmd  stm32f4xx_rcc.o
    0x0800406c   0x0800406c   0x0000001c   Code   RO         2926    i.RCC_APB2PeriphResetCmd  stm32f4xx_rcc.o
    0x08004088   0x08004088   0x000000a0   Code   RO         2933    i.RCC_GetClocksFreq  stm32f4xx_rcc.o
    0x08004128   0x08004128   0x0000001e   Code   RO         6146    i.Radian_Limit      mathematical.o
    0x08004146   0x08004146   0x00000002   PAD
    0x08004148   0x08004148   0x00000028   Code   RO         5489    i.Robot_Action      action.o
    0x08004170   0x08004170   0x0000001a   Code   RO         5992    i.Robot_SendArray   serial.o
    0x0800418a   0x0800418a   0x00000002   PAD
    0x0800418c   0x0800418c   0x00000020   Code   RO         5993    i.Robot_Send_Byte   serial.o
    0x080041ac   0x080041ac   0x000000f0   Code   RO         5995    i.Robot_Serial_Init  serial.o
    0x0800429c   0x0800429c   0x00000002   Code   RO         5119    i.SVC_Handler       stm32f4xx_it.o
    0x0800429e   0x0800429e   0x00000002   PAD
    0x080042a0   0x080042a0   0x0000002c   Code   RO         4235    i.SYSCFG_EXTILineConfig  stm32f4xx_syscfg.o
    0x080042cc   0x080042cc   0x00000002   Code   RO         5996    i.Servo_Control_Num  serial.o
    0x080042ce   0x080042ce   0x0000000a   Code   RO         5997    i.Servo_DataLength  serial.o
    0x080042d8   0x080042d8   0x0000003c   Code   RO         5998    i.Servo_SetAngle    serial.o
    0x08004314   0x08004314   0x00000002   Code   RO         5999    i.Servo_SetTime     serial.o
    0x08004316   0x08004316   0x00000002   PAD
    0x08004318   0x08004318   0x000000b8   Code   RO         5179    i.SetSysClock       system_stm32f4xx.o
    0x080043d0   0x080043d0   0x00000078   Code   RO         5490    i.Set_Posture_High  action.o
    0x08004448   0x08004448   0x00000034   Code   RO         5491    i.Set_Posture_Low   action.o
    0x0800447c   0x0800447c   0x00000078   Code   RO         5492    i.Set_Posture_Midium  action.o
    0x080044f4   0x080044f4   0x0000000c   Code   RO         5493    i.Set_Speed_High    action.o
    0x08004500   0x08004500   0x00000010   Code   RO         5494    i.Set_Speed_Low     action.o
    0x08004510   0x08004510   0x0000000c   Code   RO         5495    i.Set_Speed_Midium  action.o
    0x0800451c   0x0800451c   0x00000110   Code   RO         5840    i.Single_Leg        ctrl_leg.o
    0x0800462c   0x0800462c   0x00000002   Code   RO         5120    i.SysTick_Handler   stm32f4xx_it.o
    0x0800462e   0x0800462e   0x00000002   PAD
    0x08004630   0x08004630   0x0000005c   Code   RO         5181    i.SystemInit        system_stm32f4xx.o
    0x0800468c   0x0800468c   0x00000018   Code   RO         4308    i.TIM_Cmd           stm32f4xx_tim.o
    0x080046a4   0x080046a4   0x00000068   Code   RO         4337    i.TIM_OC1Init       stm32f4xx_tim.o
    0x0800470c   0x0800470c   0x0000000c   Code   RO         4340    i.TIM_OC1PreloadConfig  stm32f4xx_tim.o
    0x08004718   0x08004718   0x00000088   Code   RO         4342    i.TIM_OC2Init       stm32f4xx_tim.o
    0x080047a0   0x080047a0   0x00000014   Code   RO         4345    i.TIM_OC2PreloadConfig  stm32f4xx_tim.o
    0x080047b4   0x080047b4   0x0000007c   Code   RO         4380    i.TIM_TimeBaseInit  stm32f4xx_tim.o
    0x08004830   0x08004830   0x00000040   Code   RO         6338    i.TestMode          main.o
    0x08004870   0x08004870   0x0000001e   Code   RO         6084    i.USART2_Send_Array  printfserial.o
    0x0800488e   0x0800488e   0x00000002   PAD
    0x08004890   0x08004890   0x00000020   Code   RO         6085    i.USART2_Send_Byte  printfserial.o
    0x080048b0   0x080048b0   0x0000006c   Code   RO         5940    i.USART3_IRQHandler  blueserial.o
    0x0800491c   0x0800491c   0x00000058   Code   RO         5881    i.USART6_IRQHandler  asrproserial.o
    0x08004974   0x08004974   0x00000008   Code   RO         4858    i.USART_ClearFlag   stm32f4xx_usart.o
    0x0800497c   0x0800497c   0x00000010   Code   RO         4859    i.USART_ClearITPendingBit  stm32f4xx_usart.o
    0x0800498c   0x0800498c   0x00000018   Code   RO         4862    i.USART_Cmd         stm32f4xx_usart.o
    0x080049a4   0x080049a4   0x00000100   Code   RO         4864    i.USART_DeInit      stm32f4xx_usart.o
    0x08004aa4   0x08004aa4   0x0000000e   Code   RO         4865    i.USART_GetFlagStatus  stm32f4xx_usart.o
    0x08004ab2   0x08004ab2   0x00000040   Code   RO         4866    i.USART_GetITStatus  stm32f4xx_usart.o
    0x08004af2   0x08004af2   0x00000036   Code   RO         4868    i.USART_ITConfig    stm32f4xx_usart.o
    0x08004b28   0x08004b28   0x000000bc   Code   RO         4869    i.USART_Init        stm32f4xx_usart.o
    0x08004be4   0x08004be4   0x00000008   Code   RO         4876    i.USART_ReceiveData  stm32f4xx_usart.o
    0x08004bec   0x08004bec   0x00000008   Code   RO         4879    i.USART_SendData    stm32f4xx_usart.o
    0x08004bf4   0x08004bf4   0x00000016   Code   RO         4885    i.USART_StructInit  stm32f4xx_usart.o
    0x08004c0a   0x08004c0a   0x00000002   Code   RO         5121    i.UsageFault_Handler  stm32f4xx_it.o
    0x08004c0c   0x08004c0c   0x00000070   Code   RO         5638    i.X_Advance_Gait    gaitcontroller.o
    0x08004c7c   0x08004c7c   0x00000070   Code   RO         5639    i.X_Backward_Gait   gaitcontroller.o
    0x08004cec   0x08004cec   0x00000070   Code   RO         5640    i.X_Sidestep_L_Gait  gaitcontroller.o
    0x08004d5c   0x08004d5c   0x00000070   Code   RO         5641    i.X_Sidestep_R_Gait  gaitcontroller.o
    0x08004dcc   0x08004dcc   0x00000070   Code   RO         5642    i.X_Turn_Left_Gait  gaitcontroller.o
    0x08004e3c   0x08004e3c   0x00000070   Code   RO         5643    i.X_Turn_Right_Gait  gaitcontroller.o
    0x08004eac   0x08004eac   0x00000036   Code   RO         5496    i._Move_Robot       action.o
    0x08004ee2   0x08004ee2   0x00000030   Code   RO         6732    i.__ARM_fpclassify  m_wm.l(fpclassify.o)
    0x08004f12   0x08004f12   0x00000026   Code   RO         6734    i.__ARM_fpclassifyf  m_wm.l(fpclassifyf.o)
    0x08004f38   0x08004f38   0x00000358   Code   RO         6484    i.__hardfp_acos     m_wm.l(acos.o)
    0x08005290   0x08005290   0x000002d8   Code   RO         6498    i.__hardfp_atan     m_wm.l(atan.o)
    0x08005568   0x08005568   0x00000200   Code   RO         6512    i.__hardfp_atan2    m_wm.l(atan2.o)
    0x08005768   0x08005768   0x000000c8   Code   RO         6524    i.__hardfp_cos      m_wm.l(cos.o)
    0x08005830   0x08005830   0x00000150   Code   RO         6536    i.__hardfp_cosf     m_wm.l(cosf.o)
    0x08005980   0x08005980   0x00000c50   Code   RO         6548    i.__hardfp_pow      m_wm.l(pow.o)
    0x080065d0   0x080065d0   0x000000c8   Code   RO         6562    i.__hardfp_sin      m_wm.l(sin.o)
    0x08006698   0x08006698   0x00000190   Code   RO         6574    i.__hardfp_sinf     m_wm.l(sinf.o)
    0x08006828   0x08006828   0x0000007a   Code   RO         6586    i.__hardfp_sqrt     m_wm.l(sqrt.o)
    0x080068a2   0x080068a2   0x00000006   PAD
    0x080068a8   0x080068a8   0x00000438   Code   RO         6753    i.__ieee754_rem_pio2  m_wm.l(rred.o)
    0x08006ce0   0x08006ce0   0x00000170   Code   RO         6709    i.__kernel_cos      m_wm.l(cos_i.o)
    0x08006e50   0x08006e50   0x000000f8   Code   RO         6750    i.__kernel_poly     m_wm.l(poly.o)
    0x08006f48   0x08006f48   0x00000130   Code   RO         6761    i.__kernel_sin      m_wm.l(sin_i.o)
    0x08007078   0x08007078   0x00000030   Code   RO         6712    i.__mathlib_dbl_divzero  m_wm.l(dunder.o)
    0x080070a8   0x080070a8   0x00000014   Code   RO         6713    i.__mathlib_dbl_infnan  m_wm.l(dunder.o)
    0x080070bc   0x080070bc   0x00000014   Code   RO         6714    i.__mathlib_dbl_infnan2  m_wm.l(dunder.o)
    0x080070d0   0x080070d0   0x00000020   Code   RO         6715    i.__mathlib_dbl_invalid  m_wm.l(dunder.o)
    0x080070f0   0x080070f0   0x00000020   Code   RO         6716    i.__mathlib_dbl_overflow  m_wm.l(dunder.o)
    0x08007110   0x08007110   0x00000020   Code   RO         6718    i.__mathlib_dbl_underflow  m_wm.l(dunder.o)
    0x08007130   0x08007130   0x00000006   Code   RO         6737    i.__mathlib_flt_infnan  m_wm.l(funder.o)
    0x08007136   0x08007136   0x00000002   PAD
    0x08007138   0x08007138   0x00000010   Code   RO         6739    i.__mathlib_flt_invalid  m_wm.l(funder.o)
    0x08007148   0x08007148   0x00000010   Code   RO         6742    i.__mathlib_flt_underflow  m_wm.l(funder.o)
    0x08007158   0x08007158   0x00000154   Code   RO         6758    i.__mathlib_rredf2  m_wm.l(rredf.o)
    0x080072ac   0x080072ac   0x0000000e   Code   RO         6432    i._is_digit         c_w.l(__printf_wp.o)
    0x080072ba   0x080072ba   0x00000002   Code   RO         6001    i._sys_exit         serial.o
    0x080072bc   0x080072bc   0x00000026   Code   RO         6086    i.aprintf           printfserial.o
    0x080072e2   0x080072e2   0x00000010   Code   RO         6500    i.atan              m_wm.l(atan.o)
    0x080072f2   0x080072f2   0x00000018   Code   RO         6728    i.fabs              m_wm.l(fabs.o)
    0x0800730a   0x0800730a   0x00000002   PAD
    0x0800730c   0x0800730c   0x00000024   Code   RO         6087    i.fputc             printfserial.o
    0x08007330   0x08007330   0x00000174   Code   RO         6339    i.main              main.o
    0x080074a4   0x080074a4   0x0000006e   Code   RO         6588    i.sqrt              m_wm.l(sqrt.o)
    0x08007512   0x08007512   0x00000002   PAD
    0x08007514   0x08007514   0x00000018   Code   RO         6148    i.thetas_Init       mathematical.o
    0x0800752c   0x0800752c   0x0000002c   Code   RO         6841    locale$$code        c_w.l(lc_numeric_c.o)
    0x08007558   0x08007558   0x0000002c   Code   RO         6858    locale$$code        c_w.l(lc_ctype_c.o)
    0x08007584   0x08007584   0x00000018   Code   RO         6682    x$fpl$basic         fz_wm.l(basic.o)
    0x0800759c   0x0800759c   0x00000062   Code   RO         6456    x$fpl$d2f           fz_wm.l(d2f.o)
    0x080075fe   0x080075fe   0x00000002   PAD
    0x08007600   0x08007600   0x00000150   Code   RO         6458    x$fpl$dadd          fz_wm.l(daddsub_clz.o)
    0x08007750   0x08007750   0x00000010   Code   RO         6843    x$fpl$dcheck1       fz_wm.l(dcheck1.o)
    0x08007760   0x08007760   0x00000018   Code   RO         6845    x$fpl$dcmpinf       fz_wm.l(dcmpi.o)
    0x08007778   0x08007778   0x000002b0   Code   RO         6465    x$fpl$ddiv          fz_wm.l(ddiv.o)
    0x08007a28   0x08007a28   0x00000078   Code   RO         6684    x$fpl$deqf          fz_wm.l(deqf.o)
    0x08007aa0   0x08007aa0   0x0000005e   Code   RO         6847    x$fpl$dfix          fz_wm.l(dfix.o)
    0x08007afe   0x08007afe   0x0000002e   Code   RO         6473    x$fpl$dflt          fz_wm.l(dflt_clz.o)
    0x08007b2c   0x08007b2c   0x00000026   Code   RO         6472    x$fpl$dfltu         fz_wm.l(dflt_clz.o)
    0x08007b52   0x08007b52   0x00000002   PAD
    0x08007b54   0x08007b54   0x00000078   Code   RO         6686    x$fpl$dleqf         fz_wm.l(dleqf.o)
    0x08007bcc   0x08007bcc   0x00000154   Code   RO         6478    x$fpl$dmul          fz_wm.l(dmul.o)
    0x08007d20   0x08007d20   0x0000009c   Code   RO         6688    x$fpl$dnaninf       fz_wm.l(dnaninf.o)
    0x08007dbc   0x08007dbc   0x0000000c   Code   RO         6690    x$fpl$dretinf       fz_wm.l(dretinf.o)
    0x08007dc8   0x08007dc8   0x0000006c   Code   RO         6692    x$fpl$drleqf        fz_wm.l(drleqf.o)
    0x08007e34   0x08007e34   0x00000016   Code   RO         6459    x$fpl$drsb          fz_wm.l(daddsub_clz.o)
    0x08007e4a   0x08007e4a   0x00000002   PAD
    0x08007e4c   0x08007e4c   0x00000198   Code   RO         6694    x$fpl$dsqrt         fz_wm.l(dsqrt_umaal.o)
    0x08007fe4   0x08007fe4   0x000001d4   Code   RO         6460    x$fpl$dsub          fz_wm.l(daddsub_clz.o)
    0x080081b8   0x080081b8   0x00000056   Code   RO         6480    x$fpl$f2d           fz_wm.l(f2d.o)
    0x0800820e   0x0800820e   0x0000008c   Code   RO         6696    x$fpl$fnaninf       fz_wm.l(fnaninf.o)
    0x0800829a   0x0800829a   0x0000000a   Code   RO         6921    x$fpl$fpinit        fz_wm.l(fpinit.o)
    0x080082a4   0x080082a4   0x0000000a   Code   RO         6698    x$fpl$fretinf       fz_wm.l(fretinf.o)
    0x080082ae   0x080082ae   0x00000004   Code   RO         6482    x$fpl$printf1       fz_wm.l(printf1.o)
    0x080082b2   0x080082b2   0x00000004   Code   RO         6700    x$fpl$printf2       fz_wm.l(printf2.o)
    0x080082b6   0x080082b6   0x00000064   Code   RO         6915    x$fpl$retnan        fz_wm.l(retnan.o)
    0x0800831a   0x0800831a   0x0000005c   Code   RO         6706    x$fpl$scalbn        fz_wm.l(scalbn.o)
    0x08008376   0x08008376   0x00000030   Code   RO         6923    x$fpl$trapveneer    fz_wm.l(trapv.o)
    0x080083a6   0x080083a6   0x00000000   Code   RO         6708    x$fpl$usenofp       fz_wm.l(usenofp.o)
    0x080083a6   0x080083a6   0x000005f0   Data   RO         5297    .constdata          oled.o
    0x08008996   0x08008996   0x00000002   PAD
    0x08008998   0x08008998   0x0000001e   Data   RO         5499    .constdata          action.o
    0x080089b6   0x080089b6   0x00000002   PAD
    0x080089b8   0x080089b8   0x00000080   Data   RO         5645    .constdata          gaitcontroller.o
    0x08008a38   0x08008a38   0x00000011   Data   RO         6440    .constdata          c_w.l(__printf_flags_ss_wp.o)
    0x08008a49   0x08008a49   0x00000007   PAD
    0x08008a50   0x08008a50   0x00000050   Data   RO         6487    .constdata          m_wm.l(acos.o)
    0x08008aa0   0x08008aa0   0x00000098   Data   RO         6501    .constdata          m_wm.l(atan.o)
    0x08008b38   0x08008b38   0x00000088   Data   RO         6551    .constdata          m_wm.l(pow.o)
    0x08008bc0   0x08008bc0   0x00000008   Data   RO         6627    .constdata          c_w.l(_printf_wctomb.o)
    0x08008bc8   0x08008bc8   0x00000028   Data   RO         6656    .constdata          c_w.l(_printf_hex_int_ll_ptr.o)
    0x08008bf0   0x08008bf0   0x00000030   Data   RO         6710    .constdata          m_wm.l(cos_i.o)
    0x08008c20   0x08008c20   0x00000008   Data   RO         6752    .constdata          m_wm.l(qnan.o)
    0x08008c28   0x08008c28   0x000000c8   Data   RO         6755    .constdata          m_wm.l(rred.o)
    0x08008cf0   0x08008cf0   0x00000020   Data   RO         6759    .constdata          m_wm.l(rredf.o)
    0x08008d10   0x08008d10   0x00000028   Data   RO         6762    .constdata          m_wm.l(sin_i.o)
    0x08008d38   0x08008d38   0x00000026   Data   RO         6797    .constdata          c_w.l(_printf_fp_hex.o)
    0x08008d5e   0x08008d5e   0x00000002   PAD
    0x08008d60   0x08008d60   0x00000094   Data   RO         6810    .constdata          c_w.l(bigflt0.o)
    0x08008df4   0x08008df4   0x00000020   Data   RO         6998    Region$$Table       anon$$obj.o
    0x08008e14   0x08008e14   0x0000001c   Data   RO         6840    locale$$data        c_w.l(lc_numeric_c.o)
    0x08008e30   0x08008e30   0x00000110   Data   RO         6857    locale$$data        c_w.l(lc_ctype_c.o)


    Execution Region RW_IRAM1 (Exec base: 0x20000000, Load base: 0x08008f40, Size: 0x00000e58, Max: 0x00020000, ABSOLUTE, COMPRESSED[0x00000110])

    Exec Addr    Load Addr    Size         Type   Attr      Idx    E Section Name        Object

    0x20000000   COMPRESSED   0x00000010   Data   RW         2965    .data               stm32f4xx_rcc.o
    0x20000010   COMPRESSED   0x00000008   Data   RW         5231    .data               delay.o
    0x20000018   COMPRESSED   0x000000c8   Data   RW         5500    .data               action.o
    0x200000e0   COMPRESSED   0x00000026   Data   RW         5646    .data               gaitcontroller.o
    0x20000106   COMPRESSED   0x00000001   Data   RW         5883    .data               asrproserial.o
    0x20000107   COMPRESSED   0x00000003   Data   RW         5942    .data               blueserial.o
    0x2000010a   COMPRESSED   0x00000002   PAD
    0x2000010c   COMPRESSED   0x00000004   Data   RW         6002    .data               serial.o
    0x20000110   COMPRESSED   0x00000014   Data   RW         6150    .data               mathematical.o
    0x20000124   COMPRESSED   0x00000002   Data   RW         6220    .data               obstacle.o
    0x20000126   COMPRESSED   0x00000002   PAD
    0x20000128   COMPRESSED   0x0000003c   Data   RW         6340    .data               main.o
    0x20000164   COMPRESSED   0x0000003c   Data   RW         6341    .data               main.o
    0x200001a0   COMPRESSED   0x00000008   Data   RW         6342    .data               main.o
    0x200001a8   COMPRESSED   0x00000004   Data   RW         6343    .data               main.o
    0x200001ac   COMPRESSED   0x00000004   Data   RW         6344    .data               main.o
    0x200001b0        -       0x00000024   Zero   RW         5497    .bss                action.o
    0x200001d4        -       0x00000030   Zero   RW         5644    .bss                gaitcontroller.o
    0x20000204        -       0x00000080   Zero   RW         5802    .bss                robotservocontroller.o
    0x20000284        -       0x00000064   Zero   RW         5941    .bss                blueserial.o
    0x200002e8        -       0x00000510   Zero   RW         6149    .bss                mathematical.o
    0x200007f8        -       0x00000060   Zero   RW         6768    .bss                c_w.l(libspace.o)
    0x20000858        -       0x00000200   Zero   RW         5218    HEAP                startup_stm32f40_41xxx.o
    0x20000a58        -       0x00000400   Zero   RW         5217    STACK               startup_stm32f40_41xxx.o


==============================================================================

Image component sizes


      Code (inc. data)   RO Data    RW Data    ZI Data      Debug   Object Name

       296         34          0          0          0       4139   aboard.o
      1278        112         30        200         36      15400   action.o
       268         36          0          1          0       2077   asrproserial.o
       108         12          0          3        100       1486   blueserial.o
        88         12          0          0          0       1068   buzzer.o
       200         14          0          0          0        773   cloud.o
       472         10          0          0          0       3439   ctrl_leg.o
       144         16          0          8          0      27879   delay.o
      3420        280        128         38         48      20676   gaitcontroller.o
       436        254          0        136          0       3298   main.o
      2630        162          0         20       1296       6389   mathematical.o
       124         16          0          0          0     309223   misc.o
        52          8          0          2          0       1277   obstacle.o
       710         28       1520          0          0       7960   oled.o
       372         22          0          0          0       5371   printfserial.o
        64          6          0          0        128       1557   robotservocontroller.o
       376         30          0          4          0       7258   serial.o
        64         26        392          0       1536        868   startup_stm32f40_41xxx.o
        44          0          0          0          0       3183   stm32f4xx_adc.o
       148         16          0          0          0       2356   stm32f4xx_exti.o
       212          0          0          0          0       4961   stm32f4xx_gpio.o
        18          0          0          0          0       4406   stm32f4xx_it.o
       300         42          0         16          0       6333   stm32f4xx_rcc.o
        44          6          0          0          0        696   stm32f4xx_syscfg.o
       420         44          0          0          0       5127   stm32f4xx_tim.o
       662         40          0          0          0       8947   stm32f4xx_usart.o
       276         34          0          0          0       1613   system_stm32f4xx.o

    ----------------------------------------------------------------------
     13250       1260       2106        432       3144     457760   Object Totals
         0          0         32          0          0          0   (incl. Generated)
        24          0          4          4          0          0   (incl. Padding)

    ----------------------------------------------------------------------

      Code (inc. data)   RO Data    RW Data    ZI Data      Debug   Library Member Name

        24          4          0          0          0         84   __2printf.o
        90          0          0          0          0          0   __dczerorl2.o
         8          0          0          0          0         68   __main.o
       392          4         17          0          0         92   __printf_flags_ss_wp.o
        14          0          0          0          0         68   __printf_wp.o
         0          0          0          0          0          0   __rtentry.o
        12          0          0          0          0          0   __rtentry2.o
         6          0          0          0          0          0   __rtentry4.o
        52          8          0          0          0          0   __scatter.o
        28          0          0          0          0          0   __scatter_zi.o
         6          0          0          0          0          0   _printf_a.o
         6          0          0          0          0          0   _printf_c.o
        44          0          0          0          0        108   _printf_char.o
        48          6          0          0          0         96   _printf_char_common.o
        36          4          0          0          0         80   _printf_char_file.o
        40          0          0          0          0         68   _printf_charcount.o
         6          0          0          0          0          0   _printf_d.o
       120         16          0          0          0         92   _printf_dec.o
         6          0          0          0          0          0   _printf_e.o
         6          0          0          0          0          0   _printf_f.o
      1054          0          0          0          0        216   _printf_fp_dec.o
       764          8         38          0          0        100   _printf_fp_hex.o
       128         16          0          0          0         84   _printf_fp_infnan.o
         6          0          0          0          0          0   _printf_g.o
       148          4         40          0          0        160   _printf_hex_int_ll_ptr.o
         6          0          0          0          0          0   _printf_i.o
       178          0          0          0          0         88   _printf_intcommon.o
        10          0          0          0          0          0   _printf_l.o
         6          0          0          0          0          0   _printf_lc.o
        10          0          0          0          0          0   _printf_ll.o
         6          0          0          0          0          0   _printf_lld.o
         6          0          0          0          0          0   _printf_lli.o
         6          0          0          0          0          0   _printf_llo.o
         6          0          0          0          0          0   _printf_llu.o
         6          0          0          0          0          0   _printf_llx.o
       124         16          0          0          0         92   _printf_longlong_dec.o
         6          0          0          0          0          0   _printf_ls.o
         6          0          0          0          0          0   _printf_n.o
         6          0          0          0          0          0   _printf_o.o
       112         10          0          0          0        124   _printf_oct_int_ll.o
         6          0          0          0          0          0   _printf_p.o
        78          0          0          0          0        108   _printf_pad.o
         0          0          0          0          0          0   _printf_percent.o
         4          0          0          0          0          0   _printf_percent_end.o
         6          0          0          0          0          0   _printf_s.o
        82          0          0          0          0         80   _printf_str.o
        36          0          0          0          0         84   _printf_truncate.o
         6          0          0          0          0          0   _printf_u.o
        44          0          0          0          0        108   _printf_wchar.o
       188          6          8          0          0         92   _printf_wctomb.o
         6          0          0          0          0          0   _printf_x.o
        22          0          0          0          0        100   _rserrno.o
        16          0          0          0          0         68   _snputc.o
        10          0          0          0          0         68   _sputc.o
        64          0          0          0          0         92   _wcrtomb.o
       228          4        148          0          0         96   bigflt0.o
      1936        128          0          0          0        672   btod.o
        18          0          0          0          0         80   exit.o
         8          0          0          0          0         68   ferror.o
         6          0          0          0          0        152   heapauxi.o
        44         10        272          0          0         76   lc_ctype_c.o
        44         10         28          0          0         76   lc_numeric_c.o
         2          0          0          0          0          0   libinit.o
        34          0          0          0          0          0   libinit2.o
         2          0          0          0          0          0   libshutdown.o
         2          0          0          0          0          0   libshutdown2.o
         8          4          0          0         96         68   libspace.o
       138          0          0          0          0         80   lludiv10.o
        16          4          0          0          0         76   rt_ctype_table.o
         8          4          0          0          0         68   rt_errno_addr_intlibspace.o
         8          4          0          0          0         68   rt_locale_intlibspace.o
        78          0          0          0          0         80   rt_memclr_w.o
       100          0          0          0          0         80   rt_memcpy_w.o
         2          0          0          0          0          0   rtexit.o
        10          0          0          0          0          0   rtexit2.o
       128          0          0          0          0         68   strcmpv7m.o
        62          0          0          0          0         76   strlen.o
        74          0          0          0          0         80   sys_stackheap_outer.o
        52          4          0          0          0         80   vsnprintf.o
        24          0          0          0          0        164   basic.o
        98          4          0          0          0        140   d2f.o
       826         16          0          0          0        492   daddsub_clz.o
        16          4          0          0          0        116   dcheck1.o
        24          0          0          0          0        116   dcmpi.o
       688        140          0          0          0        256   ddiv.o
       120          4          0          0          0        140   deqf.o
        94          4          0          0          0        140   dfix.o
        84          0          0          0          0        232   dflt_clz.o
       120          4          0          0          0        140   dleqf.o
       340         12          0          0          0        152   dmul.o
       156          4          0          0          0        140   dnaninf.o
        12          0          0          0          0        116   dretinf.o
       108          0          0          0          0        128   drleqf.o
       408         56          0          0          0        168   dsqrt_umaal.o
        86          4          0          0          0        132   f2d.o
       140          4          0          0          0        132   fnaninf.o
        10          0          0          0          0        116   fpinit.o
        10          0          0          0          0        116   fretinf.o
         4          0          0          0          0        116   printf1.o
         4          0          0          0          0        116   printf2.o
       100          0          0          0          0        116   retnan.o
        92          0          0          0          0        116   scalbn.o
        48          0          0          0          0        116   trapv.o
         0          0          0          0          0          0   usenofp.o
       856        118         80          0          0        288   acos.o
       744        106        152          0          0        352   atan.o
       512         64          0          0          0        208   atan2.o
       200         20          0          0          0        164   cos.o
       368         46         48          0          0        200   cos_i.o
       336         56          0          0          0        136   cosf.o
       184         44          0          0          0        744   dunder.o
        24          0          0          0          0        124   fabs.o
        48          0          0          0          0        124   fpclassify.o
        38          0          0          0          0        116   fpclassifyf.o
        38         12          0          0          0        348   funder.o
       248          0          0          0          0        152   poly.o
      3152        296        136          0          0        352   pow.o
         0          0          8          0          0          0   qnan.o
      1080        142        200          0          0        188   rred.o
       340         24         32          0          0        160   rredf.o
       200         20          0          0          0        164   sin.o
       304         24         40          0          0        208   sin_i.o
       400         56          0          0          0        212   sinf.o
       232          0          0          0          0        296   sqrt.o

    ----------------------------------------------------------------------
     20060       1558       1256          0         96      12716   Library Totals
        30          0          9          0          0          0   (incl. Padding)

    ----------------------------------------------------------------------

      Code (inc. data)   RO Data    RW Data    ZI Data      Debug   Library Name

      7114        274        551          0         96       4464   c_w.l
      3612        256          0          0          0       3716   fz_wm.l
      9304       1028        696          0          0       4536   m_wm.l

    ----------------------------------------------------------------------
     20060       1558       1256          0         96      12716   Library Totals

    ----------------------------------------------------------------------

==============================================================================


      Code (inc. data)   RO Data    RW Data    ZI Data      Debug   

     33310       2818       3362        432       3240     449832   Grand Totals
     33310       2818       3362        272       3240     449832   ELF Image Totals (compressed)
     33310       2818       3362        272          0          0   ROM Totals

==============================================================================

    Total RO  Size (Code + RO Data)                36672 (  35.81kB)
    Total RW  Size (RW Data + ZI Data)              3672 (   3.59kB)
    Total ROM Size (Code + RO Data + RW Data)      36944 (  36.08kB)

==============================================================================

