<html>
<body>
<pre>
<h1>µVision Build Log</h1>
<h2>Tool Versions:</h2>
IDE-Version: ¦ÌVision V5.39.0.0
Copyright (C) 2023 ARM Ltd and ARM Germany GmbH. All rights reserved.
License Information: eas aen, Neusoft, LIC=KRMW3-AM67B-DYNV3-A38VP-MR377-RYXRS
 
Tool Versions:
Toolchain:       MDK-ARM Plus  Version: 5.39.0.0
Toolchain Path:  D:\Keil_v5\ARM\ARMCC\Bin
C Compiler:      Armcc.exe V5.06 update 7 (build 960)
Assembler:       Armasm.exe V5.06 update 7 (build 960)
Linker/Locator:  ArmLink.exe V5.06 update 7 (build 960)
Library Manager: ArmAr.exe V5.06 update 7 (build 960)
Hex Converter:   FromElf.exe V5.06 update 7 (build 960)
CPU DLL:         SARMCM3.DLL V5.39.0.0
Dialog DLL:      DCM.DLL V1.17.5.0
Target DLL:      STLink\ST-LINKIII-KEIL_SWO.dll V3.2.0.0
Dialog DLL:      TCM.DLL V1.56.4.0
 
<h2>Project:</h2>
E:\Project\0Hardware_Project\STM32F407ZGT6_KEIL_project\Spder_Robot2.2\project\stm32demo.uvprojx
Project File Date:  03/23/2025

<h2>Output:</h2>
*** Using Compiler 'V5.06 update 7 (build 960)', folder: 'D:\Keil_v5\ARM\ARMCC\Bin'
Build target 'Robot'
compiling main.c...
..\Module\buzzer.h(3): warning:  #1295-D: Deprecated declaration Buzzer_Init - give arg types
  void Buzzer_Init();
..\Module\buzzer.h(4): warning:  #1295-D: Deprecated declaration BuzzerDebug - give arg types
  void BuzzerDebug();
..\user\main.c(126): warning:  #223-D: function "Robot_Serial_Init" declared implicitly
      Robot_Serial_Init();
..\user\main.c(212): warning:  #223-D: function "Robot_Serial_Init" declared implicitly
      Robot_Serial_Init();
..\user\main.c: 4 warnings, 0 errors
linking...
Program Size: Code=33310 RO-data=3362 RW-data=432 ZI-data=3240  
".\Objects\stm32demo.axf" - 0 Error(s), 4 Warning(s).

<h2>Software Packages used:</h2>

Package Vendor: Keil
                https://www.keil.com/pack/Keil.STM32F4xx_DFP.2.17.1.pack
                Keil::STM32F4xx_DFP@2.17.1
                STMicroelectronics STM32F4 Series Device Support, Drivers and Examples

<h2>Collection of Component include folders:</h2>
  D:/Keil_v5/ARM/PACK/Keil/STM32F4xx_DFP/2.17.1/Drivers/CMSIS/Device/ST/STM32F4xx/Include

<h2>Collection of Component Files used:</h2>
Build Time Elapsed:  00:00:01
</pre>
</body>
</html>
